[T 07:10:11 18308] CodeQL CLI version 2.26.3
[T 07:10:11 18308] Initializing tracer.
[T 07:10:11 18308] Initializing tags.
[T 07:10:11 18308] ID set to 0000000000004784_0000000000000001 (parent root)
[T 07:10:11 18308] Initializing tracer.
[T 07:10:11 18308] Initializing tags.
[T 07:10:11 18308] ID set to 0000000000004784_0000000000000002 (parent root)
[T 07:10:11 18308] Warning: SEMMLE_EXEC and SEMMLE_EXECP not set. Falling back to path lookup on argv[0].
[T 07:10:11 18308] ==== Candidate to intercept: /opt/homebrew/Caskroom/codeql/2.26.3/codeql/tools/osx64/runner-osx (canonical: /opt/homebrew/Caskroom/codeql/2.26.3/codeql/tools/osx64/runner-osx) ====
[T 07:10:11 18308] Lua: === Intercepted call to /opt/homebrew/caskroom/codeql/2.26.3/codeql/tools/osx64/runner-osx ===
[T 07:10:11 18308] Executing the following tracer actions:
[T 07:10:11 18308] Tracer actions:
[T 07:10:11 18308] pre_invocations(0)
[T 07:10:11 18308] post_invocations(0)
[T 07:10:11 18308] trace_languages(1): [java]
[T 07:10:11 18309] Attempting to switch stdout/stderr to 3...
/Users/macbook/Octo/static_analysis_codeql_1/codeql-kotlin.db/working/copy-root/000001F5/bin/sh.semmle.00004784.0B15C0D8.slice.x86_64: replacing existing signature
/Users/macbook/Octo/static_analysis_codeql_1/codeql-kotlin.db/working/copy-root/000001F5/bin/sh.semmle.00004784.0B15C0D8.slice.arm64: replacing existing signature
[T 07:16:41 44457] CodeQL CLI version 2.26.3
[T 07:16:41 44457] Initializing tracer.
[T 07:16:41 44457] Initializing tags.
[T 07:16:41 44457] ID set to 000000000000ADA9_0000000000000001 (parent root)
[T 07:16:41 44457] Initializing tracer.
[T 07:16:41 44457] Initializing tags.
[T 07:16:41 44457] ID set to 000000000000ADA9_0000000000000002 (parent root)
[T 07:16:41 44457] Warning: SEMMLE_EXEC and SEMMLE_EXECP not set. Falling back to path lookup on argv[0].
[T 07:16:41 44457] ==== Candidate to intercept: /opt/homebrew/Caskroom/codeql/2.26.3/codeql/tools/osx64/runner-osx (canonical: /opt/homebrew/Caskroom/codeql/2.26.3/codeql/tools/osx64/runner-osx) ====
[T 07:16:41 44457] Lua: === Intercepted call to /opt/homebrew/caskroom/codeql/2.26.3/codeql/tools/osx64/runner-osx ===
[T 07:16:41 44457] Executing the following tracer actions:
[T 07:16:41 44457] Tracer actions:
[T 07:16:41 44457] pre_invocations(0)
[T 07:16:41 44457] post_invocations(0)
[T 07:16:41 44457] trace_languages(1): [java]
[T 07:16:41 44458] Attempting to switch stdout/stderr to 3...
/Users/macbook/Octo/static_analysis_codeql_1/codeql-kotlin.db/working/copy-root/000001F5/usr/bin/java.semmle.0000ADA9.03D05568.slice.x86_64: replacing existing signature
/Users/macbook/Octo/static_analysis_codeql_1/codeql-kotlin.db/working/copy-root/000001F5/usr/bin/java.semmle.0000ADA9.03D05568.slice.arm64: replacing existing signature
[T 07:17:23 45132] CodeQL CLI version 2.26.3
[T 07:17:23 45132] Initializing tracer.
[T 07:17:23 45132] Initializing tags.
[T 07:17:23 45132] ID set to 000000000000B04C_0000000000000001 (parent root)
[T 07:17:23 45132] Initializing tracer.
[T 07:17:23 45132] Initializing tags.
[T 07:17:23 45132] ID set to 000000000000B04C_0000000000000002 (parent root)
[T 07:17:23 45132] Warning: SEMMLE_EXEC and SEMMLE_EXECP not set. Falling back to path lookup on argv[0].
[T 07:17:23 45132] ==== Candidate to intercept: /opt/homebrew/Caskroom/codeql/2.26.3/codeql/tools/osx64/runner-osx (canonical: /opt/homebrew/Caskroom/codeql/2.26.3/codeql/tools/osx64/runner-osx) ====
[T 07:17:23 45132] Lua: === Intercepted call to /opt/homebrew/caskroom/codeql/2.26.3/codeql/tools/osx64/runner-osx ===
[T 07:17:23 45132] Executing the following tracer actions:
[T 07:17:23 45132] Tracer actions:
[T 07:17:23 45132] pre_invocations(0)
[T 07:17:23 45132] post_invocations(0)
[T 07:17:23 45132] trace_languages(1): [java]
[T 07:17:23 45133] Attempting to switch stdout/stderr to 3...
/Applications/Xcode.app/Contents/Developer/Toolchains/XcodeDefault.xctoolchain/usr/bin/install_name_tool: warning: changes being made to the file will invalidate the code signature in: /Users/macbook/Octo/static_analysis_codeql_1/codeql-kotlin.db/working/copy-root/000001F5/Library/Java/JavaVirtualMachines/temurin-25.jdk/Contents/Home/bin/java.semmle.0000B04C.2BBEDE28.slice.arm64
/Applications/Xcode.app/Contents/Developer/Toolchains/XcodeDefault.xctoolchain/usr/bin/install_name_tool: warning: changes being made to the file will invalidate the code signature in: /Users/macbook/Octo/static_analysis_codeql_1/codeql-kotlin.db/working/copy-root/000001F5/Library/Java/JavaVirtualMachines/temurin-25.jdk/Contents/Home/bin/java.semmle.0000B04C.2BBEDE28.slice.arm64
/Users/macbook/Octo/static_analysis_codeql_1/codeql-kotlin.db/working/copy-root/000001F5/Library/Java/JavaVirtualMachines/temurin-25.jdk/Contents/Home/bin/java.semmle.0000B04C.2BBEDE28.slice.arm64: replacing existing signature
[T 07:17:25 45132] Initializing tracer.
[T 07:17:25 45132] Initializing tags.
[T 07:17:25 45132] ID set to 000000000000B04C_0000000000000003 (parent 000000000000B04C_0000000000000002)
[T 07:17:25 45132] ==== Candidate to intercept: /Library/Java/JavaVirtualMachines/temurin-25.jdk/Contents/Home/bin/java (canonical: /Library/Java/JavaVirtualMachines/temurin-25.jdk/Contents/Home/bin/java) ====
[T 07:17:25 45132] Lua: === Intercepted call to /library/java/javavirtualmachines/temurin-25.jdk/contents/home/bin/java ===
[T 07:17:25 45132] Executing the following tracer actions:
[T 07:17:25 45132] Tracer actions:
[T 07:17:25 45132] pre_invocations(0)
[T 07:17:25 45132] post_invocations(0)
[T 07:17:25 45132] trace_languages(1): [java]
[T 07:17:25 45132] Passing through -javaagent:/opt/homebrew/Caskroom/codeql/2.26.3/codeql/java/tools/codeql-java-agent.jar=ignore-project,java,kotlin to underlying JVM.
[T 07:17:25 45132] Passing through -Xbootclasspath/a:/opt/homebrew/Caskroom/codeql/2.26.3/codeql/java/tools/codeql-java-agent.jar to underlying JVM.
[T 07:17:25 45132] Intercepted JVM creation with extra hidden args: ['-javaagent:/opt/homebrew/Caskroom/codeql/2.26.3/codeql/java/tools/codeql-java-agent.jar=ignore-project,java,kotlin' '-Xbootclasspath/a:/opt/homebrew/Caskroom/codeql/2.26.3/codeql/java/tools/codeql-java-agent.jar' ] (result: 1, 0).
[T 07:17:26 45166] Attempting to switch stdout/stderr to 203...
/Users/macbook/Octo/static_analysis_codeql_1/codeql-kotlin.db/working/copy-root/000001F5/Library/Java/JavaVirtualMachines/temurin-25.jdk/Contents/Home/lib/jspawnhelper.semmle.0000B04C.15676A78.slice.arm64: replacing existing signature
[T 07:17:26 45169] Initializing tracer.
[T 07:17:26 45169] Initializing tags.
[T 07:17:26 45169] ID set to 000000000000B071_0000000000000001 (parent 000000000000B04C_0000000000000003)
[T 07:17:26 45169] ==== Candidate to intercept: /Library/Java/JavaVirtualMachines/temurin-25.jdk/Contents/Home/lib/jspawnhelper (canonical: /Library/Java/JavaVirtualMachines/temurin-25.jdk/Contents/Home/lib/jspawnhelper) ====
[T 07:17:26 45169] Lua: === Intercepted call to /library/java/javavirtualmachines/temurin-25.jdk/contents/home/lib/jspawnhelper ===
[T 07:17:26 45169] Executing the following tracer actions:
[T 07:17:26 45169] Tracer actions:
[T 07:17:26 45169] pre_invocations(0)
[T 07:17:26 45169] post_invocations(0)
[T 07:17:26 45169] trace_languages(1): [java]
[T 07:17:26 45169] Initializing tracer.
[T 07:17:26 45169] Initializing tags.
[T 07:17:26 45169] ID set to 000000000000B071_0000000000000002 (parent 000000000000B071_0000000000000001)
[T 07:17:26 45169] ==== Candidate to intercept: /Library/Java/JavaVirtualMachines/temurin-25.jdk/Contents/Home/bin/java (canonical: /Library/Java/JavaVirtualMachines/temurin-25.jdk/Contents/Home/bin/java) ====
[T 07:17:26 45169] Lua: === Intercepted call to /library/java/javavirtualmachines/temurin-25.jdk/contents/home/bin/java ===
[T 07:17:26 45169] Executing the following tracer actions:
[T 07:17:26 45169] Tracer actions:
[T 07:17:26 45169] pre_invocations(0)
[T 07:17:26 45169] post_invocations(0)
[T 07:17:26 45169] trace_languages(1): [java]
[T 07:17:26 45169] Passing through -javaagent:/opt/homebrew/Caskroom/codeql/2.26.3/codeql/java/tools/codeql-java-agent.jar=ignore-project,java,kotlin to underlying JVM.
[T 07:17:26 45169] Passing through -Xbootclasspath/a:/opt/homebrew/Caskroom/codeql/2.26.3/codeql/java/tools/codeql-java-agent.jar to underlying JVM.
[T 07:17:26 45169] Intercepted JVM creation with extra hidden args: ['-javaagent:/opt/homebrew/Caskroom/codeql/2.26.3/codeql/java/tools/codeql-java-agent.jar=ignore-project,java,kotlin' '-Xbootclasspath/a:/opt/homebrew/Caskroom/codeql/2.26.3/codeql/java/tools/codeql-java-agent.jar' ] (result: 1, 0).
[T 07:17:30 45223] Initializing tracer.
[T 07:17:30 45223] Initializing tags.
[T 07:17:30 45223] ID set to 000000000000B0A7_0000000000000001 (parent 000000000000B071_0000000000000002)
[T 07:17:30 45223] ==== Candidate to intercept: /Library/Java/JavaVirtualMachines/temurin-25.jdk/Contents/Home/lib/jspawnhelper (canonical: /Library/Java/JavaVirtualMachines/temurin-25.jdk/Contents/Home/lib/jspawnhelper) ====
[T 07:17:30 45223] Lua: === Intercepted call to /library/java/javavirtualmachines/temurin-25.jdk/contents/home/lib/jspawnhelper ===
[T 07:17:30 45223] Executing the following tracer actions:
[T 07:17:30 45223] Tracer actions:
[T 07:17:30 45223] pre_invocations(0)
[T 07:17:30 45223] post_invocations(0)
[T 07:17:30 45223] trace_languages(1): [java]
[T 07:17:30 45224] Attempting to switch stdout/stderr to 4...
/Users/macbook/Octo/static_analysis_codeql_1/codeql-kotlin.db/working/copy-root/000001F5/usr/libexec/java_home.semmle.0000B0A7.1D996C50.slice.x86_64: replacing existing signature
/Users/macbook/Octo/static_analysis_codeql_1/codeql-kotlin.db/working/copy-root/000001F5/usr/libexec/java_home.semmle.0000B0A7.1D996C50.slice.arm64: replacing existing signature
[T 07:17:30 45228] Initializing tracer.
[T 07:17:30 45228] Initializing tags.
[T 07:17:30 45228] ID set to 000000000000B0AC_0000000000000001 (parent 000000000000B071_0000000000000002)
[T 07:17:30 45228] ==== Candidate to intercept: /Library/Java/JavaVirtualMachines/temurin-25.jdk/Contents/Home/lib/jspawnhelper (canonical: /Library/Java/JavaVirtualMachines/temurin-25.jdk/Contents/Home/lib/jspawnhelper) ====
[T 07:17:30 45228] Lua: === Intercepted call to /library/java/javavirtualmachines/temurin-25.jdk/contents/home/lib/jspawnhelper ===
[T 07:17:30 45228] Executing the following tracer actions:
[T 07:17:30 45228] Tracer actions:
[T 07:17:30 45228] pre_invocations(0)
[T 07:17:30 45228] post_invocations(0)
[T 07:17:30 45228] trace_languages(1): [java]
[T 07:17:30 45229] Attempting to switch stdout/stderr to 4...
/Applications/Xcode.app/Contents/Developer/Toolchains/XcodeDefault.xctoolchain/usr/bin/install_name_tool: warning: changes being made to the file will invalidate the code signature in: /Users/macbook/Octo/static_analysis_codeql_1/codeql-kotlin.db/working/copy-root/000001F5/Users/macbook/.gradle/jdks/eclipse_adoptium-21-aarch64-os_x.2/jdk-21.0.12.1+1/Contents/Home/bin/java.semmle.0000B0AC.2150BF60.slice.arm64
/Applications/Xcode.app/Contents/Developer/Toolchains/XcodeDefault.xctoolchain/usr/bin/install_name_tool: warning: changes being made to the file will invalidate the code signature in: /Users/macbook/Octo/static_analysis_codeql_1/codeql-kotlin.db/working/copy-root/000001F5/Users/macbook/.gradle/jdks/eclipse_adoptium-21-aarch64-os_x.2/jdk-21.0.12.1+1/Contents/Home/bin/java.semmle.0000B0AC.2150BF60.slice.arm64
/Users/macbook/Octo/static_analysis_codeql_1/codeql-kotlin.db/working/copy-root/000001F5/Users/macbook/.gradle/jdks/eclipse_adoptium-21-aarch64-os_x.2/jdk-21.0.12.1+1/Contents/Home/bin/java.semmle.0000B0AC.2150BF60.slice.arm64: replacing existing signature
[T 07:17:30 45228] Initializing tracer.
[T 07:17:30 45228] Initializing tags.
[T 07:17:30 45228] ID set to 000000000000B0AC_0000000000000002 (parent 000000000000B0AC_0000000000000001)
[T 07:17:30 45228] ==== Candidate to intercept: /Users/macbook/.gradle/jdks/eclipse_adoptium-21-aarch64-os_x.2/jdk-21.0.12.1+1/Contents/Home/bin/java (canonical: /Users/macbook/.gradle/jdks/eclipse_adoptium-21-aarch64-os_x.2/jdk-21.0.12.1+1/Contents/Home/bin/java) ====
[T 07:17:30 45228] Lua: === Intercepted call to /users/macbook/.gradle/jdks/eclipse_adoptium-21-aarch64-os_x.2/jdk-21.0.12.1+1/contents/home/bin/java ===
[T 07:17:30 45228] Executing the following tracer actions:
[T 07:17:30 45228] Tracer actions:
[T 07:17:30 45228] pre_invocations(0)
[T 07:17:30 45228] post_invocations(0)
[T 07:17:30 45228] trace_languages(1): [java]
[T 07:17:30 45228] Passing through -javaagent:/opt/homebrew/Caskroom/codeql/2.26.3/codeql/java/tools/codeql-java-agent.jar=ignore-project,java,kotlin to underlying JVM.
[T 07:17:30 45228] Passing through -Xbootclasspath/a:/opt/homebrew/Caskroom/codeql/2.26.3/codeql/java/tools/codeql-java-agent.jar to underlying JVM.
[T 07:17:30 45228] Intercepted JVM creation with extra hidden args: ['-javaagent:/opt/homebrew/Caskroom/codeql/2.26.3/codeql/java/tools/codeql-java-agent.jar=ignore-project,java,kotlin' '-Xbootclasspath/a:/opt/homebrew/Caskroom/codeql/2.26.3/codeql/java/tools/codeql-java-agent.jar' ] (result: 1, 0).
[T 07:17:47 45490] CodeQL CLI version 2.26.3
[T 07:17:47 45490] Initializing tracer.
[T 07:17:47 45490] Initializing tags.
[T 07:17:47 45490] ID set to 000000000000B1B2_0000000000000001 (parent root)
[T 07:17:47 45490] Initializing tracer.
[T 07:17:47 45490] Initializing tags.
[T 07:17:47 45490] ID set to 000000000000B1B2_0000000000000002 (parent root)
[T 07:17:47 45490] Warning: SEMMLE_EXEC and SEMMLE_EXECP not set. Falling back to path lookup on argv[0].
[T 07:17:47 45490] ==== Candidate to intercept: /opt/homebrew/Caskroom/codeql/2.26.3/codeql/tools/osx64/runner-osx (canonical: /opt/homebrew/Caskroom/codeql/2.26.3/codeql/tools/osx64/runner-osx) ====
[T 07:17:47 45490] Lua: === Intercepted call to /opt/homebrew/caskroom/codeql/2.26.3/codeql/tools/osx64/runner-osx ===
[T 07:17:47 45490] Executing the following tracer actions:
[T 07:17:47 45490] Tracer actions:
[T 07:17:47 45490] pre_invocations(0)
[T 07:17:47 45490] post_invocations(0)
[T 07:17:47 45490] trace_languages(1): [java]
[T 07:17:47 45491] Attempting to switch stdout/stderr to 3...
/Applications/Xcode.app/Contents/Developer/Toolchains/XcodeDefault.xctoolchain/usr/bin/install_name_tool: warning: changes being made to the file will invalidate the code signature in: /Users/macbook/Octo/static_analysis_codeql_1/codeql-kotlin.db/working/copy-root/000001F5/Library/Java/JavaVirtualMachines/temurin-25.jdk/Contents/Home/bin/java.semmle.0000B1B2.10206330.slice.arm64
/Applications/Xcode.app/Contents/Developer/Toolchains/XcodeDefault.xctoolchain/usr/bin/install_name_tool: warning: changes being made to the file will invalidate the code signature in: /Users/macbook/Octo/static_analysis_codeql_1/codeql-kotlin.db/working/copy-root/000001F5/Library/Java/JavaVirtualMachines/temurin-25.jdk/Contents/Home/bin/java.semmle.0000B1B2.10206330.slice.arm64
/Users/macbook/Octo/static_analysis_codeql_1/codeql-kotlin.db/working/copy-root/000001F5/Library/Java/JavaVirtualMachines/temurin-25.jdk/Contents/Home/bin/java.semmle.0000B1B2.10206330.slice.arm64: replacing existing signature
[T 07:17:47 45490] Initializing tracer.
[T 07:17:47 45490] Initializing tags.
[T 07:17:47 45490] ID set to 000000000000B1B2_0000000000000003 (parent 000000000000B1B2_0000000000000002)
[T 07:17:47 45490] ==== Candidate to intercept: /Library/Java/JavaVirtualMachines/temurin-25.jdk/Contents/Home/bin/java (canonical: /Library/Java/JavaVirtualMachines/temurin-25.jdk/Contents/Home/bin/java) ====
[T 07:17:47 45490] Lua: === Intercepted call to /library/java/javavirtualmachines/temurin-25.jdk/contents/home/bin/java ===
[T 07:17:47 45490] Executing the following tracer actions:
[T 07:17:47 45490] Tracer actions:
[T 07:17:47 45490] pre_invocations(0)
[T 07:17:47 45490] post_invocations(0)
[T 07:17:47 45490] trace_languages(1): [java]
[T 07:17:47 45490] Passing through -javaagent:/opt/homebrew/Caskroom/codeql/2.26.3/codeql/java/tools/codeql-java-agent.jar=ignore-project,java,kotlin to underlying JVM.
[T 07:17:47 45490] Passing through -Xbootclasspath/a:/opt/homebrew/Caskroom/codeql/2.26.3/codeql/java/tools/codeql-java-agent.jar to underlying JVM.
[T 07:17:47 45490] Intercepted JVM creation with extra hidden args: ['-javaagent:/opt/homebrew/Caskroom/codeql/2.26.3/codeql/java/tools/codeql-java-agent.jar=ignore-project,java,kotlin' '-Xbootclasspath/a:/opt/homebrew/Caskroom/codeql/2.26.3/codeql/java/tools/codeql-java-agent.jar' ] (result: 1, 0).
[T 07:17:47 45496] Attempting to switch stdout/stderr to 203...
/Users/macbook/Octo/static_analysis_codeql_1/codeql-kotlin.db/working/copy-root/000001F5/Library/Java/JavaVirtualMachines/temurin-25.jdk/Contents/Home/lib/jspawnhelper.semmle.0000B1B2.33950078.slice.arm64: replacing existing signature
[T 07:17:47 45499] Initializing tracer.
[T 07:17:47 45499] Initializing tags.
[T 07:17:47 45499] ID set to 000000000000B1BB_0000000000000001 (parent 000000000000B1B2_0000000000000003)
[T 07:17:47 45499] ==== Candidate to intercept: /Library/Java/JavaVirtualMachines/temurin-25.jdk/Contents/Home/lib/jspawnhelper (canonical: /Library/Java/JavaVirtualMachines/temurin-25.jdk/Contents/Home/lib/jspawnhelper) ====
[T 07:17:47 45499] Lua: === Intercepted call to /library/java/javavirtualmachines/temurin-25.jdk/contents/home/lib/jspawnhelper ===
[T 07:17:47 45499] Executing the following tracer actions:
[T 07:17:47 45499] Tracer actions:
[T 07:17:47 45499] pre_invocations(0)
[T 07:17:47 45499] post_invocations(0)
[T 07:17:47 45499] trace_languages(1): [java]
[T 07:17:47 45499] Initializing tracer.
[T 07:17:47 45499] Initializing tags.
[T 07:17:47 45499] ID set to 000000000000B1BB_0000000000000002 (parent 000000000000B1BB_0000000000000001)
[T 07:17:47 45499] ==== Candidate to intercept: /Library/Java/JavaVirtualMachines/temurin-25.jdk/Contents/Home/bin/java (canonical: /Library/Java/JavaVirtualMachines/temurin-25.jdk/Contents/Home/bin/java) ====
[T 07:17:47 45499] Lua: === Intercepted call to /library/java/javavirtualmachines/temurin-25.jdk/contents/home/bin/java ===
[T 07:17:47 45499] Executing the following tracer actions:
[T 07:17:47 45499] Tracer actions:
[T 07:17:47 45499] pre_invocations(0)
[T 07:17:47 45499] post_invocations(0)
[T 07:17:47 45499] trace_languages(1): [java]
[T 07:17:47 45499] Passing through -javaagent:/opt/homebrew/Caskroom/codeql/2.26.3/codeql/java/tools/codeql-java-agent.jar=ignore-project,java,kotlin to underlying JVM.
[T 07:17:47 45499] Passing through -Xbootclasspath/a:/opt/homebrew/Caskroom/codeql/2.26.3/codeql/java/tools/codeql-java-agent.jar to underlying JVM.
[T 07:17:48 45499] Intercepted JVM creation with extra hidden args: ['-javaagent:/opt/homebrew/Caskroom/codeql/2.26.3/codeql/java/tools/codeql-java-agent.jar=ignore-project,java,kotlin' '-Xbootclasspath/a:/opt/homebrew/Caskroom/codeql/2.26.3/codeql/java/tools/codeql-java-agent.jar' ] (result: 1, 0).
[T 07:17:52 45554] Initializing tracer.
[T 07:17:52 45554] Initializing tags.
[T 07:17:52 45554] ID set to 000000000000B1F2_0000000000000001 (parent 000000000000B1BB_0000000000000002)
[T 07:17:52 45554] ==== Candidate to intercept: /Library/Java/JavaVirtualMachines/temurin-25.jdk/Contents/Home/lib/jspawnhelper (canonical: /Library/Java/JavaVirtualMachines/temurin-25.jdk/Contents/Home/lib/jspawnhelper) ====
[T 07:17:52 45554] Lua: === Intercepted call to /library/java/javavirtualmachines/temurin-25.jdk/contents/home/lib/jspawnhelper ===
[T 07:17:52 45554] Executing the following tracer actions:
[T 07:17:52 45554] Tracer actions:
[T 07:17:52 45554] pre_invocations(0)
[T 07:17:52 45554] post_invocations(0)
[T 07:17:52 45554] trace_languages(1): [java]
[T 07:17:52 45555] Attempting to switch stdout/stderr to 4...
/Users/macbook/Octo/static_analysis_codeql_1/codeql-kotlin.db/working/copy-root/000001F5/usr/libexec/java_home.semmle.0000B1F2.0D69C2F8.slice.x86_64: replacing existing signature
/Users/macbook/Octo/static_analysis_codeql_1/codeql-kotlin.db/working/copy-root/000001F5/usr/libexec/java_home.semmle.0000B1F2.0D69C2F8.slice.arm64: replacing existing signature
[T 07:17:52 45559] Initializing tracer.
[T 07:17:52 45559] Initializing tags.
[T 07:17:52 45559] ID set to 000000000000B1F7_0000000000000001 (parent 000000000000B1BB_0000000000000002)
[T 07:17:52 45559] ==== Candidate to intercept: /Library/Java/JavaVirtualMachines/temurin-25.jdk/Contents/Home/lib/jspawnhelper (canonical: /Library/Java/JavaVirtualMachines/temurin-25.jdk/Contents/Home/lib/jspawnhelper) ====
[T 07:17:52 45559] Lua: === Intercepted call to /library/java/javavirtualmachines/temurin-25.jdk/contents/home/lib/jspawnhelper ===
[T 07:17:52 45559] Executing the following tracer actions:
[T 07:17:52 45559] Tracer actions:
[T 07:17:52 45559] pre_invocations(0)
[T 07:17:52 45559] post_invocations(0)
[T 07:17:52 45559] trace_languages(1): [java]
[T 07:17:52 45560] Attempting to switch stdout/stderr to 4...
/Applications/Xcode.app/Contents/Developer/Toolchains/XcodeDefault.xctoolchain/usr/bin/install_name_tool: warning: changes being made to the file will invalidate the code signature in: /Users/macbook/Octo/static_analysis_codeql_1/codeql-kotlin.db/working/copy-root/000001F5/Users/macbook/.gradle/jdks/eclipse_adoptium-21-aarch64-os_x.2/jdk-21.0.12.1+1/Contents/Home/bin/java.semmle.0000B1F7.113384C8.slice.arm64
/Applications/Xcode.app/Contents/Developer/Toolchains/XcodeDefault.xctoolchain/usr/bin/install_name_tool: warning: changes being made to the file will invalidate the code signature in: /Users/macbook/Octo/static_analysis_codeql_1/codeql-kotlin.db/working/copy-root/000001F5/Users/macbook/.gradle/jdks/eclipse_adoptium-21-aarch64-os_x.2/jdk-21.0.12.1+1/Contents/Home/bin/java.semmle.0000B1F7.113384C8.slice.arm64
/Users/macbook/Octo/static_analysis_codeql_1/codeql-kotlin.db/working/copy-root/000001F5/Users/macbook/.gradle/jdks/eclipse_adoptium-21-aarch64-os_x.2/jdk-21.0.12.1+1/Contents/Home/bin/java.semmle.0000B1F7.113384C8.slice.arm64: replacing existing signature
[T 07:17:52 45559] Initializing tracer.
[T 07:17:52 45559] Initializing tags.
[T 07:17:52 45559] ID set to 000000000000B1F7_0000000000000002 (parent 000000000000B1F7_0000000000000001)
[T 07:17:52 45559] ==== Candidate to intercept: /Users/macbook/.gradle/jdks/eclipse_adoptium-21-aarch64-os_x.2/jdk-21.0.12.1+1/Contents/Home/bin/java (canonical: /Users/macbook/.gradle/jdks/eclipse_adoptium-21-aarch64-os_x.2/jdk-21.0.12.1+1/Contents/Home/bin/java) ====
[T 07:17:52 45559] Lua: === Intercepted call to /users/macbook/.gradle/jdks/eclipse_adoptium-21-aarch64-os_x.2/jdk-21.0.12.1+1/contents/home/bin/java ===
[T 07:17:52 45559] Executing the following tracer actions:
[T 07:17:52 45559] Tracer actions:
[T 07:17:52 45559] pre_invocations(0)
[T 07:17:52 45559] post_invocations(0)
[T 07:17:52 45559] trace_languages(1): [java]
[T 07:17:52 45559] Passing through -javaagent:/opt/homebrew/Caskroom/codeql/2.26.3/codeql/java/tools/codeql-java-agent.jar=ignore-project,java,kotlin to underlying JVM.
[T 07:17:52 45559] Passing through -Xbootclasspath/a:/opt/homebrew/Caskroom/codeql/2.26.3/codeql/java/tools/codeql-java-agent.jar to underlying JVM.
[T 07:17:52 45559] Intercepted JVM creation with extra hidden args: ['-javaagent:/opt/homebrew/Caskroom/codeql/2.26.3/codeql/java/tools/codeql-java-agent.jar=ignore-project,java,kotlin' '-Xbootclasspath/a:/opt/homebrew/Caskroom/codeql/2.26.3/codeql/java/tools/codeql-java-agent.jar' ] (result: 1, 0).
[T 07:17:53 45567] Initializing tracer.
[T 07:17:53 45567] Initializing tags.
[T 07:17:53 45567] ID set to 000000000000B1FF_0000000000000001 (parent 000000000000B1BB_0000000000000002)
[T 07:17:53 45567] ==== Candidate to intercept: /Library/Java/JavaVirtualMachines/temurin-25.jdk/Contents/Home/lib/jspawnhelper (canonical: /Library/Java/JavaVirtualMachines/temurin-25.jdk/Contents/Home/lib/jspawnhelper) ====
[T 07:17:53 45567] Lua: === Intercepted call to /library/java/javavirtualmachines/temurin-25.jdk/contents/home/lib/jspawnhelper ===
[T 07:17:53 45567] Executing the following tracer actions:
[T 07:17:53 45567] Tracer actions:
[T 07:17:53 45567] pre_invocations(0)
[T 07:17:53 45567] post_invocations(0)
[T 07:17:53 45567] trace_languages(1): [java]
[T 07:17:53 45567] Initializing tracer.
[T 07:17:53 45567] Initializing tags.
[T 07:17:53 45567] ID set to 000000000000B1FF_0000000000000002 (parent 000000000000B1FF_0000000000000001)
[T 07:17:53 45567] ==== Candidate to intercept: /Library/Java/JavaVirtualMachines/temurin-25.jdk/Contents/Home/bin/java (canonical: /Library/Java/JavaVirtualMachines/temurin-25.jdk/Contents/Home/bin/java) ====
[T 07:17:53 45567] Lua: === Intercepted call to /library/java/javavirtualmachines/temurin-25.jdk/contents/home/bin/java ===
[T 07:17:53 45567] Executing the following tracer actions:
[T 07:17:53 45567] Tracer actions:
[T 07:17:53 45567] pre_invocations(0)
[T 07:17:53 45567] post_invocations(0)
[T 07:17:53 45567] trace_languages(1): [java]
[T 07:17:53 45567] Passing through -javaagent:/opt/homebrew/Caskroom/codeql/2.26.3/codeql/java/tools/codeql-java-agent.jar=ignore-project,java,kotlin to underlying JVM.
[T 07:17:53 45567] Passing through -Xbootclasspath/a:/opt/homebrew/Caskroom/codeql/2.26.3/codeql/java/tools/codeql-java-agent.jar to underlying JVM.
[T 07:17:53 45567] Intercepted JVM creation with extra hidden args: ['-javaagent:/opt/homebrew/Caskroom/codeql/2.26.3/codeql/java/tools/codeql-java-agent.jar=ignore-project,java,kotlin' '-Xbootclasspath/a:/opt/homebrew/Caskroom/codeql/2.26.3/codeql/java/tools/codeql-java-agent.jar' ] (result: 1, 0).
[T 07:20:49 48200] CodeQL CLI version 2.26.3
[T 07:20:49 48200] Initializing tracer.
[T 07:20:49 48200] Initializing tags.
[T 07:20:49 48200] ID set to 000000000000BC48_0000000000000001 (parent root)
[T 07:20:49 48200] Initializing tracer.
[T 07:20:49 48200] Initializing tags.
[T 07:20:49 48200] ID set to 000000000000BC48_0000000000000002 (parent root)
[T 07:20:49 48200] Warning: SEMMLE_EXEC and SEMMLE_EXECP not set. Falling back to path lookup on argv[0].
[T 07:20:49 48200] ==== Candidate to intercept: /opt/homebrew/Caskroom/codeql/2.26.3/codeql/tools/osx64/runner-osx (canonical: /opt/homebrew/Caskroom/codeql/2.26.3/codeql/tools/osx64/runner-osx) ====
[T 07:20:49 48200] Lua: === Intercepted call to /opt/homebrew/caskroom/codeql/2.26.3/codeql/tools/osx64/runner-osx ===
[T 07:20:49 48200] Executing the following tracer actions:
[T 07:20:49 48200] Tracer actions:
[T 07:20:49 48200] pre_invocations(0)
[T 07:20:49 48200] post_invocations(0)
[T 07:20:49 48200] trace_languages(1): [java]
[T 07:20:49 48201] Attempting to switch stdout/stderr to 3...
/Applications/Xcode.app/Contents/Developer/Toolchains/XcodeDefault.xctoolchain/usr/bin/install_name_tool: warning: changes being made to the file will invalidate the code signature in: /Users/macbook/Octo/static_analysis_codeql_1/codeql-kotlin.db/working/copy-root/000001F5/Library/Java/JavaVirtualMachines/temurin-25.jdk/Contents/Home/bin/java.semmle.0000BC48.14AA63D8.slice.arm64
/Applications/Xcode.app/Contents/Developer/Toolchains/XcodeDefault.xctoolchain/usr/bin/install_name_tool: warning: changes being made to the file will invalidate the code signature in: /Users/macbook/Octo/static_analysis_codeql_1/codeql-kotlin.db/working/copy-root/000001F5/Library/Java/JavaVirtualMachines/temurin-25.jdk/Contents/Home/bin/java.semmle.0000BC48.14AA63D8.slice.arm64
/Users/macbook/Octo/static_analysis_codeql_1/codeql-kotlin.db/working/copy-root/000001F5/Library/Java/JavaVirtualMachines/temurin-25.jdk/Contents/Home/bin/java.semmle.0000BC48.14AA63D8.slice.arm64: replacing existing signature
[T 07:20:49 48200] Initializing tracer.
[T 07:20:49 48200] Initializing tags.
[T 07:20:49 48200] ID set to 000000000000BC48_0000000000000003 (parent 000000000000BC48_0000000000000002)
[T 07:20:49 48200] ==== Candidate to intercept: /Library/Java/JavaVirtualMachines/temurin-25.jdk/Contents/Home/bin/java (canonical: /Library/Java/JavaVirtualMachines/temurin-25.jdk/Contents/Home/bin/java) ====
[T 07:20:49 48200] Lua: === Intercepted call to /library/java/javavirtualmachines/temurin-25.jdk/contents/home/bin/java ===
[T 07:20:49 48200] Executing the following tracer actions:
[T 07:20:49 48200] Tracer actions:
[T 07:20:49 48200] pre_invocations(0)
[T 07:20:49 48200] post_invocations(0)
[T 07:20:49 48200] trace_languages(1): [java]
[T 07:20:49 48200] Passing through -javaagent:/opt/homebrew/Caskroom/codeql/2.26.3/codeql/java/tools/codeql-java-agent.jar=ignore-project,java,kotlin to underlying JVM.
[T 07:20:49 48200] Passing through -Xbootclasspath/a:/opt/homebrew/Caskroom/codeql/2.26.3/codeql/java/tools/codeql-java-agent.jar to underlying JVM.
[T 07:20:49 48200] Intercepted JVM creation with extra hidden args: ['-javaagent:/opt/homebrew/Caskroom/codeql/2.26.3/codeql/java/tools/codeql-java-agent.jar=ignore-project,java,kotlin' '-Xbootclasspath/a:/opt/homebrew/Caskroom/codeql/2.26.3/codeql/java/tools/codeql-java-agent.jar' ] (result: 1, 0).
[T 07:20:50 48231] Attempting to switch stdout/stderr to 203...
/Users/macbook/Octo/static_analysis_codeql_1/codeql-kotlin.db/working/copy-root/000001F5/Library/Java/JavaVirtualMachines/temurin-25.jdk/Contents/Home/lib/jspawnhelper.semmle.0000BC48.30597CB8.slice.arm64: replacing existing signature
[T 07:20:50 48236] Initializing tracer.
[T 07:20:50 48236] Initializing tags.
[T 07:20:50 48236] ID set to 000000000000BC6C_0000000000000001 (parent 000000000000BC48_0000000000000003)
[T 07:20:50 48236] ==== Candidate to intercept: /Library/Java/JavaVirtualMachines/temurin-25.jdk/Contents/Home/lib/jspawnhelper (canonical: /Library/Java/JavaVirtualMachines/temurin-25.jdk/Contents/Home/lib/jspawnhelper) ====
[T 07:20:50 48236] Lua: === Intercepted call to /library/java/javavirtualmachines/temurin-25.jdk/contents/home/lib/jspawnhelper ===
[T 07:20:50 48236] Executing the following tracer actions:
[T 07:20:50 48236] Tracer actions:
[T 07:20:50 48236] pre_invocations(0)
[T 07:20:50 48236] post_invocations(0)
[T 07:20:50 48236] trace_languages(1): [java]
[T 07:20:50 48236] Initializing tracer.
[T 07:20:50 48236] Initializing tags.
[T 07:20:50 48236] ID set to 000000000000BC6C_0000000000000002 (parent 000000000000BC6C_0000000000000001)
[T 07:20:50 48236] ==== Candidate to intercept: /Library/Java/JavaVirtualMachines/temurin-25.jdk/Contents/Home/bin/java (canonical: /Library/Java/JavaVirtualMachines/temurin-25.jdk/Contents/Home/bin/java) ====
[T 07:20:50 48236] Lua: === Intercepted call to /library/java/javavirtualmachines/temurin-25.jdk/contents/home/bin/java ===
[T 07:20:50 48236] Executing the following tracer actions:
[T 07:20:50 48236] Tracer actions:
[T 07:20:50 48236] pre_invocations(0)
[T 07:20:50 48236] post_invocations(0)
[T 07:20:50 48236] trace_languages(1): [java]
[T 07:20:50 48236] Passing through -javaagent:/opt/homebrew/Caskroom/codeql/2.26.3/codeql/java/tools/codeql-java-agent.jar=ignore-project,java,kotlin to underlying JVM.
[T 07:20:50 48236] Passing through -Xbootclasspath/a:/opt/homebrew/Caskroom/codeql/2.26.3/codeql/java/tools/codeql-java-agent.jar to underlying JVM.
[T 07:20:51 48236] Intercepted JVM creation with extra hidden args: ['-javaagent:/opt/homebrew/Caskroom/codeql/2.26.3/codeql/java/tools/codeql-java-agent.jar=ignore-project,java,kotlin' '-Xbootclasspath/a:/opt/homebrew/Caskroom/codeql/2.26.3/codeql/java/tools/codeql-java-agent.jar' ] (result: 1, 0).
[T 07:20:57 48377] Initializing tracer.
[T 07:20:57 48377] Initializing tags.
[T 07:20:57 48377] ID set to 000000000000BCF9_0000000000000001 (parent 000000000000BC6C_0000000000000002)
[T 07:20:57 48377] ==== Candidate to intercept: /Library/Java/JavaVirtualMachines/temurin-25.jdk/Contents/Home/lib/jspawnhelper (canonical: /Library/Java/JavaVirtualMachines/temurin-25.jdk/Contents/Home/lib/jspawnhelper) ====
[T 07:20:57 48377] Lua: === Intercepted call to /library/java/javavirtualmachines/temurin-25.jdk/contents/home/lib/jspawnhelper ===
[T 07:20:57 48377] Executing the following tracer actions:
[T 07:20:57 48377] Tracer actions:
[T 07:20:57 48377] pre_invocations(0)
[T 07:20:57 48377] post_invocations(0)
[T 07:20:57 48377] trace_languages(1): [java]
[T 07:20:57 48379] Attempting to switch stdout/stderr to 4...
/Users/macbook/Octo/static_analysis_codeql_1/codeql-kotlin.db/working/copy-root/000001F5/usr/libexec/java_home.semmle.0000BCF9.0548D820.slice.x86_64: replacing existing signature
/Users/macbook/Octo/static_analysis_codeql_1/codeql-kotlin.db/working/copy-root/000001F5/usr/libexec/java_home.semmle.0000BCF9.0548D820.slice.arm64: replacing existing signature
[T 07:20:57 48390] Initializing tracer.
[T 07:20:57 48390] Initializing tags.
[T 07:20:57 48390] ID set to 000000000000BD06_0000000000000001 (parent 000000000000BC6C_0000000000000002)
[T 07:20:57 48390] ==== Candidate to intercept: /Library/Java/JavaVirtualMachines/temurin-25.jdk/Contents/Home/lib/jspawnhelper (canonical: /Library/Java/JavaVirtualMachines/temurin-25.jdk/Contents/Home/lib/jspawnhelper) ====
[T 07:20:57 48390] Lua: === Intercepted call to /library/java/javavirtualmachines/temurin-25.jdk/contents/home/lib/jspawnhelper ===
[T 07:20:57 48390] Executing the following tracer actions:
[T 07:20:57 48390] Tracer actions:
[T 07:20:57 48390] pre_invocations(0)
[T 07:20:57 48390] post_invocations(0)
[T 07:20:57 48390] trace_languages(1): [java]
[T 07:20:57 48393] Attempting to switch stdout/stderr to 4...
/Applications/Xcode.app/Contents/Developer/Toolchains/XcodeDefault.xctoolchain/usr/bin/install_name_tool: warning: changes being made to the file will invalidate the code signature in: /Users/macbook/Octo/static_analysis_codeql_1/codeql-kotlin.db/working/copy-root/000001F5/Users/macbook/.gradle/jdks/eclipse_adoptium-21-aarch64-os_x.2/jdk-21.0.12.1+1/Contents/Home/bin/java.semmle.0000BD06.0982EBD8.slice.arm64
/Applications/Xcode.app/Contents/Developer/Toolchains/XcodeDefault.xctoolchain/usr/bin/install_name_tool: warning: changes being made to the file will invalidate the code signature in: /Users/macbook/Octo/static_analysis_codeql_1/codeql-kotlin.db/working/copy-root/000001F5/Users/macbook/.gradle/jdks/eclipse_adoptium-21-aarch64-os_x.2/jdk-21.0.12.1+1/Contents/Home/bin/java.semmle.0000BD06.0982EBD8.slice.arm64
/Users/macbook/Octo/static_analysis_codeql_1/codeql-kotlin.db/working/copy-root/000001F5/Users/macbook/.gradle/jdks/eclipse_adoptium-21-aarch64-os_x.2/jdk-21.0.12.1+1/Contents/Home/bin/java.semmle.0000BD06.0982EBD8.slice.arm64: replacing existing signature
[T 07:20:57 48390] Initializing tracer.
[T 07:20:57 48390] Initializing tags.
[T 07:20:57 48390] ID set to 000000000000BD06_0000000000000002 (parent 000000000000BD06_0000000000000001)
[T 07:20:57 48390] ==== Candidate to intercept: /Users/macbook/.gradle/jdks/eclipse_adoptium-21-aarch64-os_x.2/jdk-21.0.12.1+1/Contents/Home/bin/java (canonical: /Users/macbook/.gradle/jdks/eclipse_adoptium-21-aarch64-os_x.2/jdk-21.0.12.1+1/Contents/Home/bin/java) ====
[T 07:20:57 48390] Lua: === Intercepted call to /users/macbook/.gradle/jdks/eclipse_adoptium-21-aarch64-os_x.2/jdk-21.0.12.1+1/contents/home/bin/java ===
[T 07:20:57 48390] Executing the following tracer actions:
[T 07:20:57 48390] Tracer actions:
[T 07:20:57 48390] pre_invocations(0)
[T 07:20:57 48390] post_invocations(0)
[T 07:20:57 48390] trace_languages(1): [java]
[T 07:20:57 48390] Passing through -javaagent:/opt/homebrew/Caskroom/codeql/2.26.3/codeql/java/tools/codeql-java-agent.jar=ignore-project,java,kotlin to underlying JVM.
[T 07:20:57 48390] Passing through -Xbootclasspath/a:/opt/homebrew/Caskroom/codeql/2.26.3/codeql/java/tools/codeql-java-agent.jar to underlying JVM.
[T 07:20:57 48390] Intercepted JVM creation with extra hidden args: ['-javaagent:/opt/homebrew/Caskroom/codeql/2.26.3/codeql/java/tools/codeql-java-agent.jar=ignore-project,java,kotlin' '-Xbootclasspath/a:/opt/homebrew/Caskroom/codeql/2.26.3/codeql/java/tools/codeql-java-agent.jar' ] (result: 1, 0).
[T 07:20:58 48410] Initializing tracer.
[T 07:20:58 48410] Initializing tags.
[T 07:20:58 48410] ID set to 000000000000BD1A_0000000000000001 (parent 000000000000BC6C_0000000000000002)
[T 07:20:58 48410] ==== Candidate to intercept: /Library/Java/JavaVirtualMachines/temurin-25.jdk/Contents/Home/lib/jspawnhelper (canonical: /Library/Java/JavaVirtualMachines/temurin-25.jdk/Contents/Home/lib/jspawnhelper) ====
[T 07:20:58 48410] Lua: === Intercepted call to /library/java/javavirtualmachines/temurin-25.jdk/contents/home/lib/jspawnhelper ===
[T 07:20:58 48410] Executing the following tracer actions:
[T 07:20:58 48410] Tracer actions:
[T 07:20:58 48410] pre_invocations(0)
[T 07:20:58 48410] post_invocations(0)
[T 07:20:58 48410] trace_languages(1): [java]
[T 07:20:58 48410] Initializing tracer.
[T 07:20:58 48410] Initializing tags.
[T 07:20:58 48410] ID set to 000000000000BD1A_0000000000000002 (parent 000000000000BD1A_0000000000000001)
[T 07:20:58 48410] ==== Candidate to intercept: /Library/Java/JavaVirtualMachines/temurin-25.jdk/Contents/Home/bin/java (canonical: /Library/Java/JavaVirtualMachines/temurin-25.jdk/Contents/Home/bin/java) ====
[T 07:20:58 48410] Lua: === Intercepted call to /library/java/javavirtualmachines/temurin-25.jdk/contents/home/bin/java ===
[T 07:20:58 48410] Executing the following tracer actions:
[T 07:20:58 48410] Tracer actions:
[T 07:20:58 48410] pre_invocations(0)
[T 07:20:58 48410] post_invocations(0)
[T 07:20:58 48410] trace_languages(1): [java]
[T 07:20:58 48410] Passing through -javaagent:/opt/homebrew/Caskroom/codeql/2.26.3/codeql/java/tools/codeql-java-agent.jar=ignore-project,java,kotlin to underlying JVM.
[T 07:20:58 48410] Passing through -Xbootclasspath/a:/opt/homebrew/Caskroom/codeql/2.26.3/codeql/java/tools/codeql-java-agent.jar to underlying JVM.
[T 07:20:58 48410] Intercepted JVM creation with extra hidden args: ['-javaagent:/opt/homebrew/Caskroom/codeql/2.26.3/codeql/java/tools/codeql-java-agent.jar=ignore-project,java,kotlin' '-Xbootclasspath/a:/opt/homebrew/Caskroom/codeql/2.26.3/codeql/java/tools/codeql-java-agent.jar' ] (result: 1, 0).
