{ "origin": "CodeQL Kotlin extractor", "timestamp": "2026-09-27 14:22:57", "kind": "INFO", "message": "Extraction started" }
{ "origin": "CodeQL Kotlin extractor", "timestamp": "2026-09-27 14:22:57", "kind": "INFO", "message": "Kotlin extractor verbosity is 3" }
{ "origin": "CodeQL Kotlin extractor", "timestamp": "2026-09-27 14:22:57", "kind": "INFO", "message": "Extraction for invocation TRAP file /Users/macbook/Octo/static_analysis_codeql_1/codeql-kotlin.db/trap/java/invocations/kotlin.6053875757755203039.trap" }
{ "origin": "CodeQL Kotlin extractor", "timestamp": "2026-09-27 14:22:57", "kind": "INFO", "message": "Kotlin version 2.2.21" }
{ "origin": "CodeQL Kotlin extractor", "timestamp": "2026-09-27 14:22:57", "kind": "INFO", "message": "Peak memory: Usage before extractor" }
{ "origin": "CodeQL Kotlin extractor", "timestamp": "2026-09-27 14:22:57", "kind": "INFO", "message": "Peak memory: * Peak for non-heap bean CodeHeap 'non-nmethods' is 1617856" }
{ "origin": "CodeQL Kotlin extractor", "timestamp": "2026-09-27 14:22:57", "kind": "INFO", "message": "Peak memory: * Peak for non-heap bean Metaspace is 77274024" }
{ "origin": "CodeQL Kotlin extractor", "timestamp": "2026-09-27 14:22:57", "kind": "INFO", "message": "Peak memory: * Peak for non-heap bean CodeHeap 'profiled nmethods' is 12714240" }
{ "origin": "CodeQL Kotlin extractor", "timestamp": "2026-09-27 14:22:57", "kind": "INFO", "message": "Peak memory: * Peak for heap bean PS Old Gen is 105611336" }
{ "origin": "CodeQL Kotlin extractor", "timestamp": "2026-09-27 14:22:57", "kind": "INFO", "message": "Peak memory: * Peak for non-heap bean Compressed Class Space is 9614848" }
{ "origin": "CodeQL Kotlin extractor", "timestamp": "2026-09-27 14:22:57", "kind": "INFO", "message": "Peak memory: * Peak for heap bean PS Survivor Space is 40865248" }
{ "origin": "CodeQL Kotlin extractor", "timestamp": "2026-09-27 14:22:57", "kind": "INFO", "message": "Peak memory: * Peak for heap bean PS Eden Space is 125829120" }
{ "origin": "CodeQL Kotlin extractor", "timestamp": "2026-09-27 14:22:57", "kind": "INFO", "message": "Peak memory: * Peak for non-heap bean CodeHeap 'non-profiled nmethods' is 2895744" }
{ "origin": "CodeQL Kotlin extractor", "timestamp": "2026-09-27 14:22:57", "kind": "INFO", "message": "Peak memory: * Total heap peak: 272305704" }
{ "origin": "CodeQL Kotlin extractor", "timestamp": "2026-09-27 14:22:57", "kind": "INFO", "message": "Peak memory: * Total non-heap peak: 104116712" }
{ "origin": "CodeQL Kotlin extractor", "timestamp": "2026-09-27 14:22:57", "kind": "INFO", "message": "Extracting file /Users/macbook/Octo/modules/lookthrough/src/main/kotlin/com/octo/lookthrough/Exposure.kt" }
{ "origin": "CodeQL Kotlin extractor", "timestamp": "2026-09-27 14:22:57", "kind": "INFO", "message": "Will write TRAP file /Users/macbook/Octo/static_analysis_codeql_1/codeql-kotlin.db/trap/java/Users/macbook/Octo/modules/lookthrough/src/main/kotlin/com/octo/lookthrough/Exposure.kt.trap.gz" }
{ "origin": "CodeQL Kotlin extractor", "timestamp": "2026-09-27 14:22:57", "kind": "INFO", "message": "Will write TRAP file /Users/macbook/Octo/static_analysis_codeql_1/codeql-kotlin.db/trap/java/classes/com/octo/lookthrough/OwnershipEdge.members/OwnershipEdge.members#0.0-0-kotlin.trap.gz" }
{ "origin": "CodeQL Kotlin extractor", "timestamp": "2026-09-27 14:22:57", "kind": "INFO", "message": "Finished writing TRAP file /Users/macbook/Octo/static_analysis_codeql_1/codeql-kotlin.db/trap/java/classes/com/octo/lookthrough/OwnershipEdge.members/OwnershipEdge.members#0.0-0-kotlin.trap.gz" }
{ "origin": "CodeQL Kotlin extractor", "timestamp": "2026-09-27 14:22:57", "kind": "INFO", "message": "Will write TRAP file /Users/macbook/Octo/static_analysis_codeql_1/codeql-kotlin.db/trap/java/classes/com/octo/lookthrough/ExposureReport.members/ExposureReport.members#0.0-0-kotlin.trap.gz" }
{ "origin": "CodeQL Kotlin extractor", "timestamp": "2026-09-27 14:22:57", "kind": "INFO", "message": "Finished writing TRAP file /Users/macbook/Octo/static_analysis_codeql_1/codeql-kotlin.db/trap/java/classes/com/octo/lookthrough/ExposureReport.members/ExposureReport.members#0.0-0-kotlin.trap.gz" }
{ "origin": "CodeQL Kotlin extractor", "timestamp": "2026-09-27 14:22:58", "kind": "INFO", "message": "Will write TRAP file /Users/macbook/Octo/static_analysis_codeql_1/codeql-kotlin.db/trap/java/classes/com/octo/lookthrough/ExposureKt$lookThrough(java.lang.String,java.math.BigDecimal,java.util.Currency,java.util.List).members/ExposureKt$lookThrough(java.lang.String,java.math.BigDecimal,java.util.Currency,java.util.List).members#0.0-0-kotlin.trap.gz" }
{ "origin": "CodeQL Kotlin extractor", "timestamp": "2026-09-27 14:22:58", "kind": "INFO", "message": "Finished writing TRAP file /Users/macbook/Octo/static_analysis_codeql_1/codeql-kotlin.db/trap/java/classes/com/octo/lookthrough/ExposureKt$lookThrough(java.lang.String,java.math.BigDecimal,java.util.Currency,java.util.List).members/ExposureKt$lookThrough(java.lang.String,java.math.BigDecimal,java.util.Currency,java.util.List).members#0.0-0-kotlin.trap.gz" }
{ "origin": "CodeQL Kotlin extractor", "timestamp": "2026-09-27 14:22:58", "kind": "INFO", "message": "Will write TRAP file /Users/macbook/Octo/static_analysis_codeql_1/codeql-kotlin.db/trap/java/classes/com/octo/lookthrough/ExposureKt.members/ExposureKt.members#0.0-0-kotlin.trap.gz" }
{ "origin": "CodeQL Kotlin extractor", "timestamp": "2026-09-27 14:22:58", "kind": "INFO", "message": "Finished writing TRAP file /Users/macbook/Octo/static_analysis_codeql_1/codeql-kotlin.db/trap/java/classes/com/octo/lookthrough/ExposureKt.members/ExposureKt.members#0.0-0-kotlin.trap.gz" }
{ "origin": "CodeQL Kotlin extractor", "timestamp": "2026-09-27 14:22:58", "kind": "INFO", "message": "Skipping extracting external decl String" }
{ "origin": "CodeQL Kotlin extractor", "timestamp": "2026-09-27 14:22:58", "kind": "INFO", "message": "Skipping extracting external decl String" }
{ "origin": "CodeQL Kotlin extractor", "timestamp": "2026-09-27 14:22:58", "kind": "INFO", "message": "Will write TRAP file /Users/macbook/Octo/static_analysis_codeql_1/codeql-kotlin.db/trap/java/classes/java/math/BigDecimal.members/BigDecimal.members#65.0-1789983753036-kotlin.trap.gz" }
{ "origin": "CodeQL Kotlin extractor", "timestamp": "2026-09-27 14:22:58", "kind": "INFO", "message": "Finished writing TRAP file /Users/macbook/Octo/static_analysis_codeql_1/codeql-kotlin.db/trap/java/classes/java/math/BigDecimal.members/BigDecimal.members#65.0-1789983753036-kotlin.trap.gz" }
{ "origin": "CodeQL Kotlin extractor", "timestamp": "2026-09-27 14:22:58", "kind": "INFO", "message": "Skipping extracting external decl Unit" }
{ "origin": "CodeQL Kotlin extractor", "timestamp": "2026-09-27 14:22:58", "kind": "INFO", "message": "Skipping extracting external decl NotNull" }
{ "origin": "CodeQL Kotlin extractor", "timestamp": "2026-09-27 14:22:58", "kind": "INFO", "message": "Skipping extracting external decl Object" }
{ "origin": "CodeQL Kotlin extractor", "timestamp": "2026-09-27 14:22:58", "kind": "INFO", "message": "Skipping extracting external decl Boolean" }
{ "origin": "CodeQL Kotlin extractor", "timestamp": "2026-09-27 14:22:58", "kind": "INFO", "message": "Skipping extracting external decl Boolean" }
{ "origin": "CodeQL Kotlin extractor", "timestamp": "2026-09-27 14:22:58", "kind": "INFO", "message": "Skipping extracting external decl Any" }
{ "origin": "CodeQL Kotlin extractor", "timestamp": "2026-09-27 14:22:58", "kind": "INFO", "message": "Will write TRAP file /Users/macbook/Octo/static_analysis_codeql_1/codeql-kotlin.db/trap/java/classes/kotlin/jvm/functions/Function0.members/Function0.members#52.0-318186000000-kotlin.trap.gz" }
{ "origin": "CodeQL Kotlin extractor", "timestamp": "2026-09-27 14:22:58", "kind": "INFO", "message": "Finished writing TRAP file /Users/macbook/Octo/static_analysis_codeql_1/codeql-kotlin.db/trap/java/classes/kotlin/jvm/functions/Function0.members/Function0.members#52.0-318186000000-kotlin.trap.gz" }
{ "origin": "CodeQL Kotlin extractor", "timestamp": "2026-09-27 14:22:58", "kind": "INFO", "message": "Will write TRAP file /Users/macbook/Octo/static_analysis_codeql_1/codeql-kotlin.db/trap/java/classes/kotlin/Function.members/Function.members#52.0-318186000000-kotlin.trap.gz" }
{ "origin": "CodeQL Kotlin extractor", "timestamp": "2026-09-27 14:22:58", "kind": "INFO", "message": "Finished writing TRAP file /Users/macbook/Octo/static_analysis_codeql_1/codeql-kotlin.db/trap/java/classes/kotlin/Function.members/Function.members#52.0-318186000000-kotlin.trap.gz" }
{ "origin": "CodeQL Kotlin extractor", "timestamp": "2026-09-27 14:22:58", "kind": "INFO", "message": "Will write TRAP file /Users/macbook/Octo/static_analysis_codeql_1/codeql-kotlin.db/trap/java/classes/kotlin/Function0.members/Function0.members#-1.0-0-null.trap.gz" }
{ "origin": "CodeQL Kotlin extractor", "timestamp": "2026-09-27 14:22:58", "kind": "INFO", "message": "Finished writing TRAP file /Users/macbook/Octo/static_analysis_codeql_1/codeql-kotlin.db/trap/java/classes/kotlin/Function0.members/Function0.members#-1.0-0-null.trap.gz" }
{ "origin": "CodeQL Kotlin extractor", "timestamp": "2026-09-27 14:22:58", "kind": "INFO", "message": "Will write TRAP file /Users/macbook/Octo/static_analysis_codeql_1/codeql-kotlin.db/trap/java/classes/kotlin/require(boolean,kotlin.jvm.functions.Function0).members/require(boolean,kotlin.jvm.functions.Function0).members#-1.0-0-null.trap.gz" }
{ "origin": "CodeQL Kotlin extractor", "timestamp": "2026-09-27 14:22:58", "kind": "INFO", "message": "Finished writing TRAP file /Users/macbook/Octo/static_analysis_codeql_1/codeql-kotlin.db/trap/java/classes/kotlin/require(boolean,kotlin.jvm.functions.Function0).members/require(boolean,kotlin.jvm.functions.Function0).members#-1.0-0-null.trap.gz" }
{ "origin": "CodeQL Kotlin extractor", "timestamp": "2026-09-27 14:22:58", "kind": "INFO", "message": "Skipping extracting external decl Integer" }
{ "origin": "CodeQL Kotlin extractor", "timestamp": "2026-09-27 14:22:58", "kind": "INFO", "message": "Skipping extracting external decl Int" }
{ "origin": "CodeQL Kotlin extractor", "timestamp": "2026-09-27 14:22:58", "kind": "INFO", "message": "Will write TRAP file /Users/macbook/Octo/static_analysis_codeql_1/codeql-kotlin.db/trap/java/classes/java/util/Currency.members/Currency.members#65.0-1789983753036-kotlin.trap.gz" }
{ "origin": "CodeQL Kotlin extractor", "timestamp": "2026-09-27 14:22:58", "kind": "INFO", "message": "Finished writing TRAP file /Users/macbook/Octo/static_analysis_codeql_1/codeql-kotlin.db/trap/java/classes/java/util/Currency.members/Currency.members#65.0-1789983753036-kotlin.trap.gz" }
{ "origin": "CodeQL Kotlin extractor", "timestamp": "2026-09-27 14:22:58", "kind": "INFO", "message": "Will write TRAP file /Users/macbook/Octo/static_analysis_codeql_1/codeql-kotlin.db/trap/java/classes/java/util/Map.members/Map.members#65.0-1789983753036-kotlin.trap.gz" }
{ "origin": "CodeQL Kotlin extractor", "timestamp": "2026-09-27 14:22:58", "kind": "INFO", "message": "Finished writing TRAP file /Users/macbook/Octo/static_analysis_codeql_1/codeql-kotlin.db/trap/java/classes/java/util/Map.members/Map.members#65.0-1789983753036-kotlin.trap.gz" }
{ "origin": "CodeQL Kotlin extractor", "timestamp": "2026-09-27 14:22:58", "kind": "INFO", "message": "Will write TRAP file /Users/macbook/Octo/static_analysis_codeql_1/codeql-kotlin.db/trap/java/classes/kotlin/collections/Map.members/Map.members#-1.0-0-null.trap.gz" }
{ "origin": "CodeQL Kotlin extractor", "timestamp": "2026-09-27 14:22:58", "kind": "INFO", "message": "Finished writing TRAP file /Users/macbook/Octo/static_analysis_codeql_1/codeql-kotlin.db/trap/java/classes/kotlin/collections/Map.members/Map.members#-1.0-0-null.trap.gz" }
{ "origin": "CodeQL Kotlin extractor", "timestamp": "2026-09-27 14:22:58", "kind": "INFO", "message": "Skipping extracting external decl Iterable" }
{ "origin": "CodeQL Kotlin extractor", "timestamp": "2026-09-27 14:22:58", "kind": "INFO", "message": "Will write TRAP file /Users/macbook/Octo/static_analysis_codeql_1/codeql-kotlin.db/trap/java/classes/kotlin/collections/Iterable.members/Iterable.members#-1.0-0-null.trap.gz" }
{ "origin": "CodeQL Kotlin extractor", "timestamp": "2026-09-27 14:22:58", "kind": "INFO", "message": "Finished writing TRAP file /Users/macbook/Octo/static_analysis_codeql_1/codeql-kotlin.db/trap/java/classes/kotlin/collections/Iterable.members/Iterable.members#-1.0-0-null.trap.gz" }
{ "origin": "CodeQL Kotlin extractor", "timestamp": "2026-09-27 14:22:58", "kind": "INFO", "message": "Will write TRAP file /Users/macbook/Octo/static_analysis_codeql_1/codeql-kotlin.db/trap/java/classes/kotlin/jvm/functions/Function2.members/Function2.members#52.0-318186000000-kotlin.trap.gz" }
{ "origin": "CodeQL Kotlin extractor", "timestamp": "2026-09-27 14:22:58", "kind": "INFO", "message": "Finished writing TRAP file /Users/macbook/Octo/static_analysis_codeql_1/codeql-kotlin.db/trap/java/classes/kotlin/jvm/functions/Function2.members/Function2.members#52.0-318186000000-kotlin.trap.gz" }
{ "origin": "CodeQL Kotlin extractor", "timestamp": "2026-09-27 14:22:58", "kind": "INFO", "message": "Will write TRAP file /Users/macbook/Octo/static_analysis_codeql_1/codeql-kotlin.db/trap/java/classes/kotlin/Function2.members/Function2.members#-1.0-0-null.trap.gz" }
{ "origin": "CodeQL Kotlin extractor", "timestamp": "2026-09-27 14:22:58", "kind": "INFO", "message": "Finished writing TRAP file /Users/macbook/Octo/static_analysis_codeql_1/codeql-kotlin.db/trap/java/classes/kotlin/Function2.members/Function2.members#-1.0-0-null.trap.gz" }
{ "origin": "CodeQL Kotlin extractor", "timestamp": "2026-09-27 14:22:58", "kind": "INFO", "message": "Will write TRAP file /Users/macbook/Octo/static_analysis_codeql_1/codeql-kotlin.db/trap/java/classes/kotlin/collections/fold(java.lang.Iterable,java.lang.Object,kotlin.jvm.functions.Function2).members/fold(java.lang.Iterable,java.lang.Object,kotlin.jvm.functions.Function2).members#-1.0-0-null.trap.gz" }
{ "origin": "CodeQL Kotlin extractor", "timestamp": "2026-09-27 14:22:58", "kind": "INFO", "message": "Finished writing TRAP file /Users/macbook/Octo/static_analysis_codeql_1/codeql-kotlin.db/trap/java/classes/kotlin/collections/fold(java.lang.Iterable,java.lang.Object,kotlin.jvm.functions.Function2).members/fold(java.lang.Iterable,java.lang.Object,kotlin.jvm.functions.Function2).members#-1.0-0-null.trap.gz" }
{ "origin": "CodeQL Kotlin extractor", "timestamp": "2026-09-27 14:22:58", "kind": "INFO", "message": "Will write TRAP file /Users/macbook/Octo/static_analysis_codeql_1/codeql-kotlin.db/trap/java/classes/kotlin/collections/MutableMap.members/MutableMap.members#-1.0-0-null.trap.gz" }
{ "origin": "CodeQL Kotlin extractor", "timestamp": "2026-09-27 14:22:58", "kind": "INFO", "message": "Finished writing TRAP file /Users/macbook/Octo/static_analysis_codeql_1/codeql-kotlin.db/trap/java/classes/kotlin/collections/MutableMap.members/MutableMap.members#-1.0-0-null.trap.gz" }
{ "origin": "CodeQL Kotlin extractor", "timestamp": "2026-09-27 14:22:58", "kind": "INFO", "message": "Will write TRAP file /Users/macbook/Octo/static_analysis_codeql_1/codeql-kotlin.db/trap/java/classes/java/util/Set.members/Set.members#65.0-1789983753036-kotlin.trap.gz" }
{ "origin": "CodeQL Kotlin extractor", "timestamp": "2026-09-27 14:22:58", "kind": "INFO", "message": "Finished writing TRAP file /Users/macbook/Octo/static_analysis_codeql_1/codeql-kotlin.db/trap/java/classes/java/util/Set.members/Set.members#65.0-1789983753036-kotlin.trap.gz" }
{ "origin": "CodeQL Kotlin extractor", "timestamp": "2026-09-27 14:22:58", "kind": "INFO", "message": "Skipping extracting external decl Collection" }
{ "origin": "CodeQL Kotlin extractor", "timestamp": "2026-09-27 14:22:58", "kind": "INFO", "message": "Skipping extracting external decl MutableIterable" }
{ "origin": "CodeQL Kotlin extractor", "timestamp": "2026-09-27 14:22:58", "kind": "INFO", "message": "Skipping extracting external decl MutableCollection" }
{ "origin": "CodeQL Kotlin extractor", "timestamp": "2026-09-27 14:22:58", "kind": "INFO", "message": "Will write TRAP file /Users/macbook/Octo/static_analysis_codeql_1/codeql-kotlin.db/trap/java/classes/kotlin/collections/MutableSet.members/MutableSet.members#-1.0-0-null.trap.gz" }
{ "origin": "CodeQL Kotlin extractor", "timestamp": "2026-09-27 14:22:58", "kind": "INFO", "message": "Finished writing TRAP file /Users/macbook/Octo/static_analysis_codeql_1/codeql-kotlin.db/trap/java/classes/kotlin/collections/MutableSet.members/MutableSet.members#-1.0-0-null.trap.gz" }
{ "origin": "CodeQL Kotlin extractor", "timestamp": "2026-09-27 14:22:58", "kind": "INFO", "message": "Will write TRAP file /Users/macbook/Octo/static_analysis_codeql_1/codeql-kotlin.db/trap/java/classes/java/util/Map$Entry.members/Map$Entry.members#65.0-1789983753036-kotlin.trap.gz" }
{ "origin": "CodeQL Kotlin extractor", "timestamp": "2026-09-27 14:22:58", "kind": "INFO", "message": "Finished writing TRAP file /Users/macbook/Octo/static_analysis_codeql_1/codeql-kotlin.db/trap/java/classes/java/util/Map$Entry.members/Map$Entry.members#65.0-1789983753036-kotlin.trap.gz" }
{ "origin": "CodeQL Kotlin extractor", "timestamp": "2026-09-27 14:22:58", "kind": "INFO", "message": "Will write TRAP file /Users/macbook/Octo/static_analysis_codeql_1/codeql-kotlin.db/trap/java/classes/kotlin/collections/MutableMap$MutableEntry.members/MutableMap$MutableEntry.members#-1.0-0-null.trap.gz" }
{ "origin": "CodeQL Kotlin extractor", "timestamp": "2026-09-27 14:22:58", "kind": "INFO", "message": "Finished writing TRAP file /Users/macbook/Octo/static_analysis_codeql_1/codeql-kotlin.db/trap/java/classes/kotlin/collections/MutableMap$MutableEntry.members/MutableMap$MutableEntry.members#-1.0-0-null.trap.gz" }
{ "origin": "CodeQL Kotlin extractor", "timestamp": "2026-09-27 14:22:58", "kind": "INFO", "message": "Will write TRAP file /Users/macbook/Octo/static_analysis_codeql_1/codeql-kotlin.db/trap/java/classes/java/util/function/BiConsumer.members/BiConsumer.members#65.0-1789983753036-kotlin.trap.gz" }
{ "origin": "CodeQL Kotlin extractor", "timestamp": "2026-09-27 14:22:58", "kind": "INFO", "message": "Finished writing TRAP file /Users/macbook/Octo/static_analysis_codeql_1/codeql-kotlin.db/trap/java/classes/java/util/function/BiConsumer.members/BiConsumer.members#65.0-1789983753036-kotlin.trap.gz" }
{ "origin": "CodeQL Kotlin extractor", "timestamp": "2026-09-27 14:22:58", "kind": "INFO", "message": "Will write TRAP file /Users/macbook/Octo/static_analysis_codeql_1/codeql-kotlin.db/trap/java/classes/java/util/function/BiFunction.members/BiFunction.members#65.0-1789983753036-kotlin.trap.gz" }
{ "origin": "CodeQL Kotlin extractor", "timestamp": "2026-09-27 14:22:58", "kind": "INFO", "message": "Finished writing TRAP file /Users/macbook/Octo/static_analysis_codeql_1/codeql-kotlin.db/trap/java/classes/java/util/function/BiFunction.members/BiFunction.members#65.0-1789983753036-kotlin.trap.gz" }
{ "origin": "CodeQL Kotlin extractor", "timestamp": "2026-09-27 14:22:58", "kind": "INFO", "message": "Skipping extracting external decl Function" }
{ "origin": "CodeQL Kotlin extractor", "timestamp": "2026-09-27 14:22:58", "kind": "INFO", "message": "Skipping extracting external decl Cloneable" }
{ "origin": "CodeQL Kotlin extractor", "timestamp": "2026-09-27 14:22:58", "kind": "INFO", "message": "Skipping extracting external decl Cloneable" }
{ "origin": "CodeQL Kotlin extractor", "timestamp": "2026-09-27 14:22:58", "kind": "INFO", "message": "Skipping extracting external decl Serializable" }
{ "origin": "CodeQL Kotlin extractor", "timestamp": "2026-09-27 14:22:58", "kind": "INFO", "message": "Skipping extracting external decl Collection" }
{ "origin": "CodeQL Kotlin extractor", "timestamp": "2026-09-27 14:22:58", "kind": "INFO", "message": "Will write TRAP file /Users/macbook/Octo/static_analysis_codeql_1/codeql-kotlin.db/trap/java/classes/kotlin/jvm/internal/FunctionReference.members/FunctionReference.members#52.0-318186000000-kotlin.trap.gz" }
{ "origin": "CodeQL Kotlin extractor", "timestamp": "2026-09-27 14:22:58", "kind": "INFO", "message": "Finished writing TRAP file /Users/macbook/Octo/static_analysis_codeql_1/codeql-kotlin.db/trap/java/classes/kotlin/jvm/internal/FunctionReference.members/FunctionReference.members#52.0-318186000000-kotlin.trap.gz" }
{ "origin": "CodeQL Kotlin extractor", "timestamp": "2026-09-27 14:22:58", "kind": "INFO", "message": "Skipping extracting external decl Function1" }
{ "origin": "CodeQL Kotlin extractor", "timestamp": "2026-09-27 14:22:58", "kind": "INFO", "message": "Skipping extracting external decl Function1" }
{ "origin": "CodeQL Kotlin extractor", "timestamp": "2026-09-27 14:22:58", "kind": "INFO", "message": "Skipping extracting external decl List" }
{ "origin": "CodeQL Kotlin extractor", "timestamp": "2026-09-27 14:22:58", "kind": "INFO", "message": "Skipping extracting external decl SequencedCollection" }
{ "origin": "CodeQL Kotlin extractor", "timestamp": "2026-09-27 14:22:58", "kind": "INFO", "message": "Skipping extracting external decl List" }
{ "origin": "CodeQL Kotlin extractor", "timestamp": "2026-09-27 14:22:58", "kind": "INFO", "message": "Will write TRAP file /Users/macbook/Octo/static_analysis_codeql_1/codeql-kotlin.db/trap/java/classes/kotlin/collections/filter(java.lang.Iterable,kotlin.jvm.functions.Function1).members/filter(java.lang.Iterable,kotlin.jvm.functions.Function1).members#-1.0-0-null.trap.gz" }
{ "origin": "CodeQL Kotlin extractor", "timestamp": "2026-09-27 14:22:58", "kind": "INFO", "message": "Finished writing TRAP file /Users/macbook/Octo/static_analysis_codeql_1/codeql-kotlin.db/trap/java/classes/kotlin/collections/filter(java.lang.Iterable,kotlin.jvm.functions.Function1).members/filter(java.lang.Iterable,kotlin.jvm.functions.Function1).members#-1.0-0-null.trap.gz" }
{ "origin": "CodeQL Kotlin extractor", "timestamp": "2026-09-27 14:22:58", "kind": "INFO", "message": "Will write TRAP file /Users/macbook/Octo/static_analysis_codeql_1/codeql-kotlin.db/trap/java/classes/kotlin/minus(java.math.BigDecimal,java.math.BigDecimal).members/minus(java.math.BigDecimal,java.math.BigDecimal).members#-1.0-0-null.trap.gz" }
{ "origin": "CodeQL Kotlin extractor", "timestamp": "2026-09-27 14:22:58", "kind": "INFO", "message": "Finished writing TRAP file /Users/macbook/Octo/static_analysis_codeql_1/codeql-kotlin.db/trap/java/classes/kotlin/minus(java.math.BigDecimal,java.math.BigDecimal).members/minus(java.math.BigDecimal,java.math.BigDecimal).members#-1.0-0-null.trap.gz" }
{ "origin": "CodeQL Kotlin extractor", "timestamp": "2026-09-27 14:22:58", "kind": "INFO", "message": "Will write TRAP file /Users/macbook/Octo/static_analysis_codeql_1/codeql-kotlin.db/trap/java/classes/kotlin/collections/count(java.util.Map,kotlin.jvm.functions.Function1).members/count(java.util.Map,kotlin.jvm.functions.Function1).members#-1.0-0-null.trap.gz" }
{ "origin": "CodeQL Kotlin extractor", "timestamp": "2026-09-27 14:22:58", "kind": "INFO", "message": "Finished writing TRAP file /Users/macbook/Octo/static_analysis_codeql_1/codeql-kotlin.db/trap/java/classes/kotlin/collections/count(java.util.Map,kotlin.jvm.functions.Function1).members/count(java.util.Map,kotlin.jvm.functions.Function1).members#-1.0-0-null.trap.gz" }
{ "origin": "CodeQL Kotlin extractor", "timestamp": "2026-09-27 14:22:58", "kind": "INFO", "message": "Will write TRAP file /Users/macbook/Octo/static_analysis_codeql_1/codeql-kotlin.db/trap/java/classes/kotlin/collections/Map$Entry.members/Map$Entry.members#-1.0-0-null.trap.gz" }
{ "origin": "CodeQL Kotlin extractor", "timestamp": "2026-09-27 14:22:58", "kind": "INFO", "message": "Finished writing TRAP file /Users/macbook/Octo/static_analysis_codeql_1/codeql-kotlin.db/trap/java/classes/kotlin/collections/Map$Entry.members/Map$Entry.members#-1.0-0-null.trap.gz" }
{ "origin": "CodeQL Kotlin extractor", "timestamp": "2026-09-27 14:22:58", "kind": "INFO", "message": "Skipping extracting external decl Comparator" }
{ "origin": "CodeQL Kotlin extractor", "timestamp": "2026-09-27 14:22:58", "kind": "INFO", "message": "Skipping extracting external decl Comparable" }
{ "origin": "CodeQL Kotlin extractor", "timestamp": "2026-09-27 14:22:58", "kind": "INFO", "message": "Skipping extracting external decl Comparable" }
{ "origin": "CodeQL Kotlin extractor", "timestamp": "2026-09-27 14:22:58", "kind": "INFO", "message": "Will write TRAP file /Users/macbook/Octo/static_analysis_codeql_1/codeql-kotlin.db/trap/java/classes/kotlin/collections/groupBy(java.lang.Iterable,kotlin.jvm.functions.Function1).members/groupBy(java.lang.Iterable,kotlin.jvm.functions.Function1).members#-1.0-0-null.trap.gz" }
{ "origin": "CodeQL Kotlin extractor", "timestamp": "2026-09-27 14:22:58", "kind": "INFO", "message": "Finished writing TRAP file /Users/macbook/Octo/static_analysis_codeql_1/codeql-kotlin.db/trap/java/classes/kotlin/collections/groupBy(java.lang.Iterable,kotlin.jvm.functions.Function1).members/groupBy(java.lang.Iterable,kotlin.jvm.functions.Function1).members#-1.0-0-null.trap.gz" }
{ "origin": "CodeQL Kotlin extractor", "timestamp": "2026-09-27 14:22:58", "kind": "INFO", "message": "Will write TRAP file /Users/macbook/Octo/static_analysis_codeql_1/codeql-kotlin.db/trap/java/classes/java/util/LinkedHashMap.members/LinkedHashMap.members#65.0-1789983753036-kotlin.trap.gz" }
{ "origin": "CodeQL Kotlin extractor", "timestamp": "2026-09-27 14:22:58", "kind": "INFO", "message": "Finished writing TRAP file /Users/macbook/Octo/static_analysis_codeql_1/codeql-kotlin.db/trap/java/classes/java/util/LinkedHashMap.members/LinkedHashMap.members#65.0-1789983753036-kotlin.trap.gz" }
{ "origin": "CodeQL Kotlin extractor", "timestamp": "2026-09-27 14:22:58", "kind": "INFO", "message": "Will write TRAP file /Users/macbook/Octo/static_analysis_codeql_1/codeql-kotlin.db/trap/java/classes/java/util/HashMap.members/HashMap.members#65.0-1789983753036-kotlin.trap.gz" }
{ "origin": "CodeQL Kotlin extractor", "timestamp": "2026-09-27 14:22:58", "kind": "INFO", "message": "Finished writing TRAP file /Users/macbook/Octo/static_analysis_codeql_1/codeql-kotlin.db/trap/java/classes/java/util/HashMap.members/HashMap.members#65.0-1789983753036-kotlin.trap.gz" }
{ "origin": "CodeQL Kotlin extractor", "timestamp": "2026-09-27 14:22:58", "kind": "INFO", "message": "Will write TRAP file /Users/macbook/Octo/static_analysis_codeql_1/codeql-kotlin.db/trap/java/classes/java/util/AbstractMap.members/AbstractMap.members#65.0-1789983753036-kotlin.trap.gz" }
{ "origin": "CodeQL Kotlin extractor", "timestamp": "2026-09-27 14:22:59", "kind": "INFO", "message": "Finished writing TRAP file /Users/macbook/Octo/static_analysis_codeql_1/codeql-kotlin.db/trap/java/classes/java/util/AbstractMap.members/AbstractMap.members#65.0-1789983753036-kotlin.trap.gz" }
{ "origin": "CodeQL Kotlin extractor", "timestamp": "2026-09-27 14:22:59", "kind": "INFO", "message": "Will write TRAP file /Users/macbook/Octo/static_analysis_codeql_1/codeql-kotlin.db/trap/java/classes/java/util/SequencedMap.members/SequencedMap.members#65.0-1789983753036-kotlin.trap.gz" }
{ "origin": "CodeQL Kotlin extractor", "timestamp": "2026-09-27 14:22:59", "kind": "INFO", "message": "Finished writing TRAP file /Users/macbook/Octo/static_analysis_codeql_1/codeql-kotlin.db/trap/java/classes/java/util/SequencedMap.members/SequencedMap.members#65.0-1789983753036-kotlin.trap.gz" }
{ "origin": "CodeQL Kotlin extractor", "timestamp": "2026-09-27 14:22:59", "kind": "INFO", "message": "Will write TRAP file /Users/macbook/Octo/static_analysis_codeql_1/codeql-kotlin.db/trap/java/classes/kotlin/collections/linkedMapOf().members/linkedMapOf().members#-1.0-0-null.trap.gz" }
{ "origin": "CodeQL Kotlin extractor", "timestamp": "2026-09-27 14:22:59", "kind": "INFO", "message": "Finished writing TRAP file /Users/macbook/Octo/static_analysis_codeql_1/codeql-kotlin.db/trap/java/classes/kotlin/collections/linkedMapOf().members/linkedMapOf().members#-1.0-0-null.trap.gz" }
{ "origin": "CodeQL Kotlin extractor", "timestamp": "2026-09-27 14:22:59", "kind": "INFO", "message": "Will write TRAP file /Users/macbook/Octo/static_analysis_codeql_1/codeql-kotlin.db/trap/java/classes/kotlin/check(boolean,kotlin.jvm.functions.Function0).members/check(boolean,kotlin.jvm.functions.Function0).members#-1.0-0-null.trap.gz" }
{ "origin": "CodeQL Kotlin extractor", "timestamp": "2026-09-27 14:22:59", "kind": "INFO", "message": "Finished writing TRAP file /Users/macbook/Octo/static_analysis_codeql_1/codeql-kotlin.db/trap/java/classes/kotlin/check(boolean,kotlin.jvm.functions.Function0).members/check(boolean,kotlin.jvm.functions.Function0).members#-1.0-0-null.trap.gz" }
{ "origin": "CodeQL Kotlin extractor", "timestamp": "2026-09-27 14:22:59", "kind": "INFO", "message": "Skipping extracting external decl Iterator" }
{ "origin": "CodeQL Kotlin extractor", "timestamp": "2026-09-27 14:22:59", "kind": "INFO", "message": "Skipping extracting external decl MutableIterator" }
{ "origin": "CodeQL Kotlin extractor", "timestamp": "2026-09-27 14:22:59", "kind": "INFO", "message": "Skipping extracting external decl Consumer" }
{ "origin": "CodeQL Kotlin extractor", "timestamp": "2026-09-27 14:22:59", "kind": "INFO", "message": "Skipping extracting external decl Spliterator" }
{ "origin": "CodeQL Kotlin extractor", "timestamp": "2026-09-27 14:22:59", "kind": "INFO", "message": "Skipping extracting external decl IntFunction" }
{ "origin": "CodeQL Kotlin extractor", "timestamp": "2026-09-27 14:22:59", "kind": "INFO", "message": "Skipping extracting external decl Predicate" }
{ "origin": "CodeQL Kotlin extractor", "timestamp": "2026-09-27 14:22:59", "kind": "INFO", "message": "Skipping extracting external decl Stream" }
{ "origin": "CodeQL Kotlin extractor", "timestamp": "2026-09-27 14:22:59", "kind": "INFO", "message": "Skipping extracting external decl BaseStream" }
{ "origin": "CodeQL Kotlin extractor", "timestamp": "2026-09-27 14:22:59", "kind": "INFO", "message": "Skipping extracting external decl AutoCloseable" }
{ "origin": "CodeQL Kotlin extractor", "timestamp": "2026-09-27 14:22:59", "kind": "INFO", "message": "Skipping extracting external decl UnaryOperator" }
{ "origin": "CodeQL Kotlin extractor", "timestamp": "2026-09-27 14:22:59", "kind": "INFO", "message": "Skipping extracting external decl ListIterator" }
{ "origin": "CodeQL Kotlin extractor", "timestamp": "2026-09-27 14:22:59", "kind": "INFO", "message": "Skipping extracting external decl MutableListIterator" }
{ "origin": "CodeQL Kotlin extractor", "timestamp": "2026-09-27 14:22:59", "kind": "INFO", "message": "Skipping extracting external decl MutableList" }
{ "origin": "CodeQL Kotlin extractor", "timestamp": "2026-09-27 14:22:59", "kind": "INFO", "message": "Skipping extracting external decl CharSequence" }
{ "origin": "CodeQL Kotlin extractor", "timestamp": "2026-09-27 14:22:59", "kind": "INFO", "message": "Skipping extracting external decl CharSequence" }
{ "origin": "CodeQL Kotlin extractor", "timestamp": "2026-09-27 14:22:59", "kind": "INFO", "message": "Skipping extracting external decl joinToString" }
{ "origin": "CodeQL Kotlin extractor", "timestamp": "2026-09-27 14:22:59", "kind": "INFO", "message": "Will write TRAP file /Users/macbook/Octo/static_analysis_codeql_1/codeql-kotlin.db/trap/java/classes/kotlin/collections/plus(java.util.Collection,java.lang.Object).members/plus(java.util.Collection,java.lang.Object).members#-1.0-0-null.trap.gz" }
{ "origin": "CodeQL Kotlin extractor", "timestamp": "2026-09-27 14:22:59", "kind": "INFO", "message": "Finished writing TRAP file /Users/macbook/Octo/static_analysis_codeql_1/codeql-kotlin.db/trap/java/classes/kotlin/collections/plus(java.util.Collection,java.lang.Object).members/plus(java.util.Collection,java.lang.Object).members#-1.0-0-null.trap.gz" }
{ "origin": "CodeQL Kotlin extractor", "timestamp": "2026-09-27 14:22:59", "kind": "INFO", "message": "Will write TRAP file /Users/macbook/Octo/static_analysis_codeql_1/codeql-kotlin.db/trap/java/classes/kotlin/collections/isNullOrEmpty(java.util.Collection).members/isNullOrEmpty(java.util.Collection).members#-1.0-0-null.trap.gz" }
{ "origin": "CodeQL Kotlin extractor", "timestamp": "2026-09-27 14:22:59", "kind": "INFO", "message": "Finished writing TRAP file /Users/macbook/Octo/static_analysis_codeql_1/codeql-kotlin.db/trap/java/classes/kotlin/collections/isNullOrEmpty(java.util.Collection).members/isNullOrEmpty(java.util.Collection).members#-1.0-0-null.trap.gz" }
{ "origin": "CodeQL Kotlin extractor", "timestamp": "2026-09-27 14:22:59", "kind": "INFO", "message": "Skipping extracting external decl Float" }
{ "origin": "CodeQL Kotlin extractor", "timestamp": "2026-09-27 14:22:59", "kind": "INFO", "message": "Skipping extracting external decl Float" }
{ "origin": "CodeQL Kotlin extractor", "timestamp": "2026-09-27 14:22:59", "kind": "INFO", "message": "Will write TRAP file /Users/macbook/Octo/static_analysis_codeql_1/codeql-kotlin.db/trap/java/classes/java/util/HashMap$Node.members/HashMap$Node.members#65.0-1789983753036-kotlin.trap.gz" }
{ "origin": "CodeQL Kotlin extractor", "timestamp": "2026-09-27 14:22:59", "kind": "INFO", "message": "Finished writing TRAP file /Users/macbook/Octo/static_analysis_codeql_1/codeql-kotlin.db/trap/java/classes/java/util/HashMap$Node.members/HashMap$Node.members#65.0-1789983753036-kotlin.trap.gz" }
{ "origin": "CodeQL Kotlin extractor", "timestamp": "2026-09-27 14:22:59", "kind": "INFO", "message": "Will write TRAP file /Users/macbook/Octo/static_analysis_codeql_1/codeql-kotlin.db/trap/java/classes/java/util/HashMap$TreeNode.members/HashMap$TreeNode.members#65.0-1789983753036-kotlin.trap.gz" }
{ "origin": "CodeQL Kotlin extractor", "timestamp": "2026-09-27 14:22:59", "kind": "INFO", "message": "Finished writing TRAP file /Users/macbook/Octo/static_analysis_codeql_1/codeql-kotlin.db/trap/java/classes/java/util/HashMap$TreeNode.members/HashMap$TreeNode.members#65.0-1789983753036-kotlin.trap.gz" }
{ "origin": "CodeQL Kotlin extractor", "timestamp": "2026-09-27 14:22:59", "kind": "INFO", "message": "Will write TRAP file /Users/macbook/Octo/static_analysis_codeql_1/codeql-kotlin.db/trap/java/classes/java/util/LinkedHashMap$Entry.members/LinkedHashMap$Entry.members#65.0-1789983753036-kotlin.trap.gz" }
{ "origin": "CodeQL Kotlin extractor", "timestamp": "2026-09-27 14:22:59", "kind": "INFO", "message": "Finished writing TRAP file /Users/macbook/Octo/static_analysis_codeql_1/codeql-kotlin.db/trap/java/classes/java/util/LinkedHashMap$Entry.members/LinkedHashMap$Entry.members#65.0-1789983753036-kotlin.trap.gz" }
{ "origin": "CodeQL Kotlin extractor", "timestamp": "2026-09-27 14:22:59", "kind": "INFO", "message": "Will write TRAP file /Users/macbook/Octo/static_analysis_codeql_1/codeql-kotlin.db/trap/java/classes/java/io/ObjectOutputStream.members/ObjectOutputStream.members#65.0-1789983753036-kotlin.trap.gz" }
{ "origin": "CodeQL Kotlin extractor", "timestamp": "2026-09-27 14:22:59", "kind": "INFO", "message": "Finished writing TRAP file /Users/macbook/Octo/static_analysis_codeql_1/codeql-kotlin.db/trap/java/classes/java/io/ObjectOutputStream.members/ObjectOutputStream.members#65.0-1789983753036-kotlin.trap.gz" }
{ "origin": "CodeQL Kotlin extractor", "timestamp": "2026-09-27 14:22:59", "kind": "INFO", "message": "Skipping extracting external decl Class" }
{ "origin": "CodeQL Kotlin extractor", "timestamp": "2026-09-27 14:22:59", "kind": "INFO", "message": "Skipping extracting external decl GenericDeclaration" }
{ "origin": "CodeQL Kotlin extractor", "timestamp": "2026-09-27 14:22:59", "kind": "INFO", "message": "Skipping extracting external decl Type" }
{ "origin": "CodeQL Kotlin extractor", "timestamp": "2026-09-27 14:22:59", "kind": "INFO", "message": "Skipping extracting external decl AnnotatedElement" }
{ "origin": "CodeQL Kotlin extractor", "timestamp": "2026-09-27 14:22:59", "kind": "INFO", "message": "Skipping extracting external decl OfField" }
{ "origin": "CodeQL Kotlin extractor", "timestamp": "2026-09-27 14:22:59", "kind": "INFO", "message": "Skipping extracting external decl TypeDescriptor" }
{ "origin": "CodeQL Kotlin extractor", "timestamp": "2026-09-27 14:22:59", "kind": "INFO", "message": "Skipping extracting external decl Constable" }
{ "origin": "CodeQL Kotlin extractor", "timestamp": "2026-09-27 14:22:59", "kind": "INFO", "message": "Will write TRAP file /Users/macbook/Octo/static_analysis_codeql_1/codeql-kotlin.db/trap/java/classes/java/math/MathContext.members/MathContext.members#65.0-1789983753036-kotlin.trap.gz" }
{ "origin": "CodeQL Kotlin extractor", "timestamp": "2026-09-27 14:22:59", "kind": "INFO", "message": "Finished writing TRAP file /Users/macbook/Octo/static_analysis_codeql_1/codeql-kotlin.db/trap/java/classes/java/math/MathContext.members/MathContext.members#65.0-1789983753036-kotlin.trap.gz" }
{ "origin": "CodeQL Kotlin extractor", "timestamp": "2026-09-27 14:22:59", "kind": "INFO", "message": "Skipping extracting external decl emptyList" }
{ "origin": "CodeQL Kotlin extractor", "timestamp": "2026-09-27 14:22:59", "kind": "INFO", "message": "Skipping extracting external decl BigInteger" }
{ "origin": "CodeQL Kotlin extractor", "timestamp": "2026-09-27 14:22:59", "kind": "INFO", "message": "Skipping extracting external decl Long" }
{ "origin": "CodeQL Kotlin extractor", "timestamp": "2026-09-27 14:22:59", "kind": "INFO", "message": "Skipping extracting external decl Long" }
{ "origin": "CodeQL Kotlin extractor", "timestamp": "2026-09-27 14:22:59", "kind": "INFO", "message": "Skipping extracting external decl Deprecated" }
{ "origin": "CodeQL Kotlin extractor", "timestamp": "2026-09-27 14:22:59", "kind": "INFO", "message": "Skipping extracting external decl Character" }
{ "origin": "CodeQL Kotlin extractor", "timestamp": "2026-09-27 14:22:59", "kind": "INFO", "message": "Skipping extracting external decl Char" }
{ "origin": "CodeQL Kotlin extractor", "timestamp": "2026-09-27 14:22:59", "kind": "INFO", "message": "Skipping extracting external decl Double" }
{ "origin": "CodeQL Kotlin extractor", "timestamp": "2026-09-27 14:22:59", "kind": "INFO", "message": "Skipping extracting external decl Double" }
{ "origin": "CodeQL Kotlin extractor", "timestamp": "2026-09-27 14:22:59", "kind": "INFO", "message": "Will write TRAP file /Users/macbook/Octo/static_analysis_codeql_1/codeql-kotlin.db/trap/java/classes/java/math/BigDecimal$StringBuilderHelper.members/BigDecimal$StringBuilderHelper.members#65.0-1789983753036-kotlin.trap.gz" }
{ "origin": "CodeQL Kotlin extractor", "timestamp": "2026-09-27 14:22:59", "kind": "INFO", "message": "Finished writing TRAP file /Users/macbook/Octo/static_analysis_codeql_1/codeql-kotlin.db/trap/java/classes/java/math/BigDecimal$StringBuilderHelper.members/BigDecimal$StringBuilderHelper.members#65.0-1789983753036-kotlin.trap.gz" }
{ "origin": "CodeQL Kotlin extractor", "timestamp": "2026-09-27 14:22:59", "kind": "INFO", "message": "Will write TRAP file /Users/macbook/Octo/static_analysis_codeql_1/codeql-kotlin.db/trap/java/classes/java/math/RoundingMode.members/RoundingMode.members#65.0-1789983753036-kotlin.trap.gz" }
{ "origin": "CodeQL Kotlin extractor", "timestamp": "2026-09-27 14:22:59", "kind": "INFO", "message": "Finished writing TRAP file /Users/macbook/Octo/static_analysis_codeql_1/codeql-kotlin.db/trap/java/classes/java/math/RoundingMode.members/RoundingMode.members#65.0-1789983753036-kotlin.trap.gz" }
{ "origin": "CodeQL Kotlin extractor", "timestamp": "2026-09-27 14:22:59", "kind": "INFO", "message": "Skipping extracting external decl Short" }
{ "origin": "CodeQL Kotlin extractor", "timestamp": "2026-09-27 14:22:59", "kind": "INFO", "message": "Skipping extracting external decl Short" }
{ "origin": "CodeQL Kotlin extractor", "timestamp": "2026-09-27 14:22:59", "kind": "INFO", "message": "Skipping extracting external decl Byte" }
{ "origin": "CodeQL Kotlin extractor", "timestamp": "2026-09-27 14:22:59", "kind": "INFO", "message": "Skipping extracting external decl Byte" }
{ "origin": "CodeQL Kotlin extractor", "timestamp": "2026-09-27 14:22:59", "kind": "INFO", "message": "Skipping extracting external decl Number" }
{ "origin": "CodeQL Kotlin extractor", "timestamp": "2026-09-27 14:22:59", "kind": "INFO", "message": "Skipping extracting external decl Number" }
{ "origin": "CodeQL Kotlin extractor", "timestamp": "2026-09-27 14:22:59", "kind": "INFO", "message": "Will write TRAP file /Users/macbook/Octo/static_analysis_codeql_1/codeql-kotlin.db/trap/java/classes/kotlin/internal/InlineOnly.members/InlineOnly.members#52.0-318186000000-kotlin.trap.gz" }
{ "origin": "CodeQL Kotlin extractor", "timestamp": "2026-09-27 14:22:59", "kind": "INFO", "message": "Finished writing TRAP file /Users/macbook/Octo/static_analysis_codeql_1/codeql-kotlin.db/trap/java/classes/kotlin/internal/InlineOnly.members/InlineOnly.members#52.0-318186000000-kotlin.trap.gz" }
{ "origin": "CodeQL Kotlin extractor", "timestamp": "2026-09-27 14:22:59", "kind": "INFO", "message": "Skipping extracting external decl Locale" }
{ "origin": "CodeQL Kotlin extractor", "timestamp": "2026-09-27 14:22:59", "kind": "INFO", "message": "Will write TRAP file /Users/macbook/Octo/static_analysis_codeql_1/codeql-kotlin.db/trap/java/classes/java/util/Currency$SpecialCaseEntry.members/Currency$SpecialCaseEntry.members#65.0-1789983753036-kotlin.trap.gz" }
{ "origin": "CodeQL Kotlin extractor", "timestamp": "2026-09-27 14:22:59", "kind": "INFO", "message": "Finished writing TRAP file /Users/macbook/Octo/static_analysis_codeql_1/codeql-kotlin.db/trap/java/classes/java/util/Currency$SpecialCaseEntry.members/Currency$SpecialCaseEntry.members#65.0-1789983753036-kotlin.trap.gz" }
{ "origin": "CodeQL Kotlin extractor", "timestamp": "2026-09-27 14:22:59", "kind": "INFO", "message": "Will write TRAP file /Users/macbook/Octo/static_analysis_codeql_1/codeql-kotlin.db/trap/java/classes/java/util/Currency$OtherCurrencyEntry.members/Currency$OtherCurrencyEntry.members#65.0-1789983753036-kotlin.trap.gz" }
{ "origin": "CodeQL Kotlin extractor", "timestamp": "2026-09-27 14:22:59", "kind": "INFO", "message": "Finished writing TRAP file /Users/macbook/Octo/static_analysis_codeql_1/codeql-kotlin.db/trap/java/classes/java/util/Currency$OtherCurrencyEntry.members/Currency$OtherCurrencyEntry.members#65.0-1789983753036-kotlin.trap.gz" }
{ "origin": "CodeQL Kotlin extractor", "timestamp": "2026-09-27 14:22:59", "kind": "INFO", "message": "Skipping extracting external decl SafeVarargs" }
{ "origin": "CodeQL Kotlin extractor", "timestamp": "2026-09-27 14:22:59", "kind": "INFO", "message": "Skipping extracting external decl SinceKotlin" }
{ "origin": "CodeQL Kotlin extractor", "timestamp": "2026-09-27 14:22:59", "kind": "INFO", "message": "Will write TRAP file /Users/macbook/Octo/static_analysis_codeql_1/codeql-kotlin.db/trap/java/classes/kotlin/internal/PlatformDependent.members/PlatformDependent.members#52.0-318186000000-kotlin.trap.gz" }
{ "origin": "CodeQL Kotlin extractor", "timestamp": "2026-09-27 14:22:59", "kind": "INFO", "message": "Finished writing TRAP file /Users/macbook/Octo/static_analysis_codeql_1/codeql-kotlin.db/trap/java/classes/kotlin/internal/PlatformDependent.members/PlatformDependent.members#52.0-318186000000-kotlin.trap.gz" }
{ "origin": "CodeQL Kotlin extractor", "timestamp": "2026-09-27 14:22:59", "kind": "INFO", "message": "Skipping extracting external decl Set" }
{ "origin": "CodeQL Kotlin extractor", "timestamp": "2026-09-27 14:22:59", "kind": "INFO", "message": "Skipping extracting external decl Iterator" }
{ "origin": "CodeQL Kotlin extractor", "timestamp": "2026-09-27 14:22:59", "kind": "INFO", "message": "Skipping extracting external decl FunctionalInterface" }
{ "origin": "CodeQL Kotlin extractor", "timestamp": "2026-09-27 14:22:59", "kind": "INFO", "message": "Skipping extracting external decl KFunction" }
{ "origin": "CodeQL Kotlin extractor", "timestamp": "2026-09-27 14:22:59", "kind": "INFO", "message": "Skipping extracting external decl KCallable" }
{ "origin": "CodeQL Kotlin extractor", "timestamp": "2026-09-27 14:22:59", "kind": "INFO", "message": "Skipping extracting external decl KAnnotatedElement" }
{ "origin": "CodeQL Kotlin extractor", "timestamp": "2026-09-27 14:22:59", "kind": "INFO", "message": "Will write TRAP file /Users/macbook/Octo/static_analysis_codeql_1/codeql-kotlin.db/trap/java/classes/kotlin/jvm/internal/CallableReference.members/CallableReference.members#52.0-318186000000-kotlin.trap.gz" }
{ "origin": "CodeQL Kotlin extractor", "timestamp": "2026-09-27 14:22:59", "kind": "INFO", "message": "Finished writing TRAP file /Users/macbook/Octo/static_analysis_codeql_1/codeql-kotlin.db/trap/java/classes/kotlin/jvm/internal/CallableReference.members/CallableReference.members#52.0-318186000000-kotlin.trap.gz" }
{ "origin": "CodeQL Kotlin extractor", "timestamp": "2026-09-27 14:22:59", "kind": "INFO", "message": "Will write TRAP file /Users/macbook/Octo/static_analysis_codeql_1/codeql-kotlin.db/trap/java/classes/kotlin/jvm/internal/FunctionBase.members/FunctionBase.members#52.0-318186000000-kotlin.trap.gz" }
{ "origin": "CodeQL Kotlin extractor", "timestamp": "2026-09-27 14:22:59", "kind": "INFO", "message": "Finished writing TRAP file /Users/macbook/Octo/static_analysis_codeql_1/codeql-kotlin.db/trap/java/classes/kotlin/jvm/internal/FunctionBase.members/FunctionBase.members#52.0-318186000000-kotlin.trap.gz" }
{ "origin": "CodeQL Kotlin extractor", "timestamp": "2026-09-27 14:22:59", "kind": "INFO", "message": "Skipping extracting external decl KParameter" }
{ "origin": "CodeQL Kotlin extractor", "timestamp": "2026-09-27 14:22:59", "kind": "INFO", "message": "Skipping extracting external decl KType" }
{ "origin": "CodeQL Kotlin extractor", "timestamp": "2026-09-27 14:22:59", "kind": "INFO", "message": "Skipping extracting external decl KTypeParameter" }
{ "origin": "CodeQL Kotlin extractor", "timestamp": "2026-09-27 14:22:59", "kind": "INFO", "message": "Skipping extracting external decl KVisibility" }
{ "origin": "CodeQL Kotlin extractor", "timestamp": "2026-09-27 14:22:59", "kind": "INFO", "message": "Will write TRAP file /Users/macbook/Octo/static_analysis_codeql_1/codeql-kotlin.db/trap/java/classes/java/util/LinkedHashMap$ReversedLinkedHashMapView.members/LinkedHashMap$ReversedLinkedHashMapView.members#65.0-1789983753036-kotlin.trap.gz" }
{ "origin": "CodeQL Kotlin extractor", "timestamp": "2026-09-27 14:22:59", "kind": "INFO", "message": "Finished writing TRAP file /Users/macbook/Octo/static_analysis_codeql_1/codeql-kotlin.db/trap/java/classes/java/util/LinkedHashMap$ReversedLinkedHashMapView.members/LinkedHashMap$ReversedLinkedHashMapView.members#65.0-1789983753036-kotlin.trap.gz" }
{ "origin": "CodeQL Kotlin extractor", "timestamp": "2026-09-27 14:22:59", "kind": "INFO", "message": "Will write TRAP file /Users/macbook/Octo/static_analysis_codeql_1/codeql-kotlin.db/trap/java/classes/java/util/LinkedHashMap$LinkedHashIterator.members/LinkedHashMap$LinkedHashIterator.members#65.0-1789983753036-kotlin.trap.gz" }
{ "origin": "CodeQL Kotlin extractor", "timestamp": "2026-09-27 14:22:59", "kind": "INFO", "message": "Finished writing TRAP file /Users/macbook/Octo/static_analysis_codeql_1/codeql-kotlin.db/trap/java/classes/java/util/LinkedHashMap$LinkedHashIterator.members/LinkedHashMap$LinkedHashIterator.members#65.0-1789983753036-kotlin.trap.gz" }
{ "origin": "CodeQL Kotlin extractor", "timestamp": "2026-09-27 14:22:59", "kind": "INFO", "message": "Will write TRAP file /Users/macbook/Octo/static_analysis_codeql_1/codeql-kotlin.db/trap/java/classes/java/util/LinkedHashMap$LinkedKeySet.members/LinkedHashMap$LinkedKeySet.members#65.0-1789983753036-kotlin.trap.gz" }
{ "origin": "CodeQL Kotlin extractor", "timestamp": "2026-09-27 14:22:59", "kind": "INFO", "message": "Finished writing TRAP file /Users/macbook/Octo/static_analysis_codeql_1/codeql-kotlin.db/trap/java/classes/java/util/LinkedHashMap$LinkedKeySet.members/LinkedHashMap$LinkedKeySet.members#65.0-1789983753036-kotlin.trap.gz" }
{ "origin": "CodeQL Kotlin extractor", "timestamp": "2026-09-27 14:22:59", "kind": "INFO", "message": "Will write TRAP file /Users/macbook/Octo/static_analysis_codeql_1/codeql-kotlin.db/trap/java/classes/java/util/LinkedHashMap$LinkedEntrySet.members/LinkedHashMap$LinkedEntrySet.members#65.0-1789983753036-kotlin.trap.gz" }
{ "origin": "CodeQL Kotlin extractor", "timestamp": "2026-09-27 14:22:59", "kind": "INFO", "message": "Finished writing TRAP file /Users/macbook/Octo/static_analysis_codeql_1/codeql-kotlin.db/trap/java/classes/java/util/LinkedHashMap$LinkedEntrySet.members/LinkedHashMap$LinkedEntrySet.members#65.0-1789983753036-kotlin.trap.gz" }
{ "origin": "CodeQL Kotlin extractor", "timestamp": "2026-09-27 14:22:59", "kind": "INFO", "message": "Will write TRAP file /Users/macbook/Octo/static_analysis_codeql_1/codeql-kotlin.db/trap/java/classes/java/util/LinkedHashMap$LinkedValues.members/LinkedHashMap$LinkedValues.members#65.0-1789983753036-kotlin.trap.gz" }
{ "origin": "CodeQL Kotlin extractor", "timestamp": "2026-09-27 14:22:59", "kind": "INFO", "message": "Finished writing TRAP file /Users/macbook/Octo/static_analysis_codeql_1/codeql-kotlin.db/trap/java/classes/java/util/LinkedHashMap$LinkedValues.members/LinkedHashMap$LinkedValues.members#65.0-1789983753036-kotlin.trap.gz" }
{ "origin": "CodeQL Kotlin extractor", "timestamp": "2026-09-27 14:22:59", "kind": "INFO", "message": "Will write TRAP file /Users/macbook/Octo/static_analysis_codeql_1/codeql-kotlin.db/trap/java/classes/java/util/LinkedHashMap$LinkedValueIterator.members/LinkedHashMap$LinkedValueIterator.members#65.0-1789983753036-kotlin.trap.gz" }
{ "origin": "CodeQL Kotlin extractor", "timestamp": "2026-09-27 14:22:59", "kind": "INFO", "message": "Finished writing TRAP file /Users/macbook/Octo/static_analysis_codeql_1/codeql-kotlin.db/trap/java/classes/java/util/LinkedHashMap$LinkedValueIterator.members/LinkedHashMap$LinkedValueIterator.members#65.0-1789983753036-kotlin.trap.gz" }
{ "origin": "CodeQL Kotlin extractor", "timestamp": "2026-09-27 14:22:59", "kind": "INFO", "message": "Will write TRAP file /Users/macbook/Octo/static_analysis_codeql_1/codeql-kotlin.db/trap/java/classes/java/util/LinkedHashMap$LinkedKeyIterator.members/LinkedHashMap$LinkedKeyIterator.members#65.0-1789983753036-kotlin.trap.gz" }
{ "origin": "CodeQL Kotlin extractor", "timestamp": "2026-09-27 14:22:59", "kind": "INFO", "message": "Finished writing TRAP file /Users/macbook/Octo/static_analysis_codeql_1/codeql-kotlin.db/trap/java/classes/java/util/LinkedHashMap$LinkedKeyIterator.members/LinkedHashMap$LinkedKeyIterator.members#65.0-1789983753036-kotlin.trap.gz" }
{ "origin": "CodeQL Kotlin extractor", "timestamp": "2026-09-27 14:22:59", "kind": "INFO", "message": "Will write TRAP file /Users/macbook/Octo/static_analysis_codeql_1/codeql-kotlin.db/trap/java/classes/java/util/LinkedHashMap$LinkedEntryIterator.members/LinkedHashMap$LinkedEntryIterator.members#65.0-1789983753036-kotlin.trap.gz" }
{ "origin": "CodeQL Kotlin extractor", "timestamp": "2026-09-27 14:22:59", "kind": "INFO", "message": "Finished writing TRAP file /Users/macbook/Octo/static_analysis_codeql_1/codeql-kotlin.db/trap/java/classes/java/util/LinkedHashMap$LinkedEntryIterator.members/LinkedHashMap$LinkedEntryIterator.members#65.0-1789983753036-kotlin.trap.gz" }
{ "origin": "CodeQL Kotlin extractor", "timestamp": "2026-09-27 14:22:59", "kind": "INFO", "message": "Skipping extracting external decl SequencedSet" }
{ "origin": "CodeQL Kotlin extractor", "timestamp": "2026-09-27 14:22:59", "kind": "INFO", "message": "Will write TRAP file /Users/macbook/Octo/static_analysis_codeql_1/codeql-kotlin.db/trap/java/classes/java/util/HashMap$ValueSpliterator.members/HashMap$ValueSpliterator.members#65.0-1789983753036-kotlin.trap.gz" }
{ "origin": "CodeQL Kotlin extractor", "timestamp": "2026-09-27 14:22:59", "kind": "INFO", "message": "Finished writing TRAP file /Users/macbook/Octo/static_analysis_codeql_1/codeql-kotlin.db/trap/java/classes/java/util/HashMap$ValueSpliterator.members/HashMap$ValueSpliterator.members#65.0-1789983753036-kotlin.trap.gz" }
{ "origin": "CodeQL Kotlin extractor", "timestamp": "2026-09-27 14:22:59", "kind": "INFO", "message": "Will write TRAP file /Users/macbook/Octo/static_analysis_codeql_1/codeql-kotlin.db/trap/java/classes/java/util/HashMap$EntryIterator.members/HashMap$EntryIterator.members#65.0-1789983753036-kotlin.trap.gz" }
{ "origin": "CodeQL Kotlin extractor", "timestamp": "2026-09-27 14:22:59", "kind": "INFO", "message": "Finished writing TRAP file /Users/macbook/Octo/static_analysis_codeql_1/codeql-kotlin.db/trap/java/classes/java/util/HashMap$EntryIterator.members/HashMap$EntryIterator.members#65.0-1789983753036-kotlin.trap.gz" }
{ "origin": "CodeQL Kotlin extractor", "timestamp": "2026-09-27 14:22:59", "kind": "INFO", "message": "Will write TRAP file /Users/macbook/Octo/static_analysis_codeql_1/codeql-kotlin.db/trap/java/classes/java/util/HashMap$KeySet.members/HashMap$KeySet.members#65.0-1789983753036-kotlin.trap.gz" }
{ "origin": "CodeQL Kotlin extractor", "timestamp": "2026-09-27 14:22:59", "kind": "INFO", "message": "Finished writing TRAP file /Users/macbook/Octo/static_analysis_codeql_1/codeql-kotlin.db/trap/java/classes/java/util/HashMap$KeySet.members/HashMap$KeySet.members#65.0-1789983753036-kotlin.trap.gz" }
{ "origin": "CodeQL Kotlin extractor", "timestamp": "2026-09-27 14:22:59", "kind": "INFO", "message": "Will write TRAP file /Users/macbook/Octo/static_analysis_codeql_1/codeql-kotlin.db/trap/java/classes/java/util/HashMap$KeyIterator.members/HashMap$KeyIterator.members#65.0-1789983753036-kotlin.trap.gz" }
{ "origin": "CodeQL Kotlin extractor", "timestamp": "2026-09-27 14:22:59", "kind": "INFO", "message": "Finished writing TRAP file /Users/macbook/Octo/static_analysis_codeql_1/codeql-kotlin.db/trap/java/classes/java/util/HashMap$KeyIterator.members/HashMap$KeyIterator.members#65.0-1789983753036-kotlin.trap.gz" }
{ "origin": "CodeQL Kotlin extractor", "timestamp": "2026-09-27 14:22:59", "kind": "INFO", "message": "Will write TRAP file /Users/macbook/Octo/static_analysis_codeql_1/codeql-kotlin.db/trap/java/classes/java/util/HashMap$EntrySpliterator.members/HashMap$EntrySpliterator.members#65.0-1789983753036-kotlin.trap.gz" }
{ "origin": "CodeQL Kotlin extractor", "timestamp": "2026-09-27 14:22:59", "kind": "INFO", "message": "Finished writing TRAP file /Users/macbook/Octo/static_analysis_codeql_1/codeql-kotlin.db/trap/java/classes/java/util/HashMap$EntrySpliterator.members/HashMap$EntrySpliterator.members#65.0-1789983753036-kotlin.trap.gz" }
{ "origin": "CodeQL Kotlin extractor", "timestamp": "2026-09-27 14:22:59", "kind": "INFO", "message": "Will write TRAP file /Users/macbook/Octo/static_analysis_codeql_1/codeql-kotlin.db/trap/java/classes/java/util/HashMap$HashIterator.members/HashMap$HashIterator.members#65.0-1789983753036-kotlin.trap.gz" }
{ "origin": "CodeQL Kotlin extractor", "timestamp": "2026-09-27 14:22:59", "kind": "INFO", "message": "Finished writing TRAP file /Users/macbook/Octo/static_analysis_codeql_1/codeql-kotlin.db/trap/java/classes/java/util/HashMap$HashIterator.members/HashMap$HashIterator.members#65.0-1789983753036-kotlin.trap.gz" }
{ "origin": "CodeQL Kotlin extractor", "timestamp": "2026-09-27 14:22:59", "kind": "INFO", "message": "Will write TRAP file /Users/macbook/Octo/static_analysis_codeql_1/codeql-kotlin.db/trap/java/classes/java/util/HashMap$Values.members/HashMap$Values.members#65.0-1789983753036-kotlin.trap.gz" }
{ "origin": "CodeQL Kotlin extractor", "timestamp": "2026-09-27 14:22:59", "kind": "INFO", "message": "Finished writing TRAP file /Users/macbook/Octo/static_analysis_codeql_1/codeql-kotlin.db/trap/java/classes/java/util/HashMap$Values.members/HashMap$Values.members#65.0-1789983753036-kotlin.trap.gz" }
{ "origin": "CodeQL Kotlin extractor", "timestamp": "2026-09-27 14:22:59", "kind": "INFO", "message": "Will write TRAP file /Users/macbook/Octo/static_analysis_codeql_1/codeql-kotlin.db/trap/java/classes/java/util/HashMap$ValueIterator.members/HashMap$ValueIterator.members#65.0-1789983753036-kotlin.trap.gz" }
{ "origin": "CodeQL Kotlin extractor", "timestamp": "2026-09-27 14:22:59", "kind": "INFO", "message": "Finished writing TRAP file /Users/macbook/Octo/static_analysis_codeql_1/codeql-kotlin.db/trap/java/classes/java/util/HashMap$ValueIterator.members/HashMap$ValueIterator.members#65.0-1789983753036-kotlin.trap.gz" }
{ "origin": "CodeQL Kotlin extractor", "timestamp": "2026-09-27 14:22:59", "kind": "INFO", "message": "Will write TRAP file /Users/macbook/Octo/static_analysis_codeql_1/codeql-kotlin.db/trap/java/classes/java/util/HashMap$KeySpliterator.members/HashMap$KeySpliterator.members#65.0-1789983753036-kotlin.trap.gz" }
{ "origin": "CodeQL Kotlin extractor", "timestamp": "2026-09-27 14:22:59", "kind": "INFO", "message": "Finished writing TRAP file /Users/macbook/Octo/static_analysis_codeql_1/codeql-kotlin.db/trap/java/classes/java/util/HashMap$KeySpliterator.members/HashMap$KeySpliterator.members#65.0-1789983753036-kotlin.trap.gz" }
{ "origin": "CodeQL Kotlin extractor", "timestamp": "2026-09-27 14:22:59", "kind": "INFO", "message": "Will write TRAP file /Users/macbook/Octo/static_analysis_codeql_1/codeql-kotlin.db/trap/java/classes/java/util/HashMap$EntrySet.members/HashMap$EntrySet.members#65.0-1789983753036-kotlin.trap.gz" }
{ "origin": "CodeQL Kotlin extractor", "timestamp": "2026-09-27 14:22:59", "kind": "INFO", "message": "Finished writing TRAP file /Users/macbook/Octo/static_analysis_codeql_1/codeql-kotlin.db/trap/java/classes/java/util/HashMap$EntrySet.members/HashMap$EntrySet.members#65.0-1789983753036-kotlin.trap.gz" }
{ "origin": "CodeQL Kotlin extractor", "timestamp": "2026-09-27 14:22:59", "kind": "INFO", "message": "Will write TRAP file /Users/macbook/Octo/static_analysis_codeql_1/codeql-kotlin.db/trap/java/classes/java/util/HashMap$HashMapSpliterator.members/HashMap$HashMapSpliterator.members#65.0-1789983753036-kotlin.trap.gz" }
{ "origin": "CodeQL Kotlin extractor", "timestamp": "2026-09-27 14:22:59", "kind": "INFO", "message": "Finished writing TRAP file /Users/macbook/Octo/static_analysis_codeql_1/codeql-kotlin.db/trap/java/classes/java/util/HashMap$HashMapSpliterator.members/HashMap$HashMapSpliterator.members#65.0-1789983753036-kotlin.trap.gz" }
{ "origin": "CodeQL Kotlin extractor", "timestamp": "2026-09-27 14:22:59", "kind": "INFO", "message": "Will write TRAP file /Users/macbook/Octo/static_analysis_codeql_1/codeql-kotlin.db/trap/java/classes/java/util/AbstractMap$SimpleImmutableEntry.members/AbstractMap$SimpleImmutableEntry.members#65.0-1789983753036-kotlin.trap.gz" }
{ "origin": "CodeQL Kotlin extractor", "timestamp": "2026-09-27 14:22:59", "kind": "INFO", "message": "Finished writing TRAP file /Users/macbook/Octo/static_analysis_codeql_1/codeql-kotlin.db/trap/java/classes/java/util/AbstractMap$SimpleImmutableEntry.members/AbstractMap$SimpleImmutableEntry.members#65.0-1789983753036-kotlin.trap.gz" }
{ "origin": "CodeQL Kotlin extractor", "timestamp": "2026-09-27 14:22:59", "kind": "INFO", "message": "Will write TRAP file /Users/macbook/Octo/static_analysis_codeql_1/codeql-kotlin.db/trap/java/classes/java/util/AbstractMap$ViewCollection.members/AbstractMap$ViewCollection.members#65.0-1789983753036-kotlin.trap.gz" }
{ "origin": "CodeQL Kotlin extractor", "timestamp": "2026-09-27 14:22:59", "kind": "INFO", "message": "Finished writing TRAP file /Users/macbook/Octo/static_analysis_codeql_1/codeql-kotlin.db/trap/java/classes/java/util/AbstractMap$ViewCollection.members/AbstractMap$ViewCollection.members#65.0-1789983753036-kotlin.trap.gz" }
{ "origin": "CodeQL Kotlin extractor", "timestamp": "2026-09-27 14:22:59", "kind": "INFO", "message": "Will write TRAP file /Users/macbook/Octo/static_analysis_codeql_1/codeql-kotlin.db/trap/java/classes/java/util/AbstractMap$SimpleEntry.members/AbstractMap$SimpleEntry.members#65.0-1789983753036-kotlin.trap.gz" }
{ "origin": "CodeQL Kotlin extractor", "timestamp": "2026-09-27 14:22:59", "kind": "INFO", "message": "Finished writing TRAP file /Users/macbook/Octo/static_analysis_codeql_1/codeql-kotlin.db/trap/java/classes/java/util/AbstractMap$SimpleEntry.members/AbstractMap$SimpleEntry.members#65.0-1789983753036-kotlin.trap.gz" }
{ "origin": "CodeQL Kotlin extractor", "timestamp": "2026-09-27 14:22:59", "kind": "INFO", "message": "Will write TRAP file /Users/macbook/Octo/static_analysis_codeql_1/codeql-kotlin.db/trap/java/classes/java/io/OutputStream.members/OutputStream.members#65.0-1789983753036-kotlin.trap.gz" }
{ "origin": "CodeQL Kotlin extractor", "timestamp": "2026-09-27 14:22:59", "kind": "INFO", "message": "Finished writing TRAP file /Users/macbook/Octo/static_analysis_codeql_1/codeql-kotlin.db/trap/java/classes/java/io/OutputStream.members/OutputStream.members#65.0-1789983753036-kotlin.trap.gz" }
{ "origin": "CodeQL Kotlin extractor", "timestamp": "2026-09-27 14:22:59", "kind": "INFO", "message": "Will write TRAP file /Users/macbook/Octo/static_analysis_codeql_1/codeql-kotlin.db/trap/java/classes/java/io/ObjectOutputStream$PutField.members/ObjectOutputStream$PutField.members#65.0-1789983753036-kotlin.trap.gz" }
{ "origin": "CodeQL Kotlin extractor", "timestamp": "2026-09-27 14:22:59", "kind": "INFO", "message": "Finished writing TRAP file /Users/macbook/Octo/static_analysis_codeql_1/codeql-kotlin.db/trap/java/classes/java/io/ObjectOutputStream$PutField.members/ObjectOutputStream$PutField.members#65.0-1789983753036-kotlin.trap.gz" }
{ "origin": "CodeQL Kotlin extractor", "timestamp": "2026-09-27 14:22:59", "kind": "INFO", "message": "Will write TRAP file /Users/macbook/Octo/static_analysis_codeql_1/codeql-kotlin.db/trap/java/classes/java/io/ObjectStreamClass.members/ObjectStreamClass.members#65.0-1789983753036-kotlin.trap.gz" }
{ "origin": "CodeQL Kotlin extractor", "timestamp": "2026-09-27 14:22:59", "kind": "INFO", "message": "Finished writing TRAP file /Users/macbook/Octo/static_analysis_codeql_1/codeql-kotlin.db/trap/java/classes/java/io/ObjectStreamClass.members/ObjectStreamClass.members#65.0-1789983753036-kotlin.trap.gz" }
{ "origin": "CodeQL Kotlin extractor", "timestamp": "2026-09-27 14:22:59", "kind": "INFO", "message": "Skipping extracting external decl ObjectOutput" }
{ "origin": "CodeQL Kotlin extractor", "timestamp": "2026-09-27 14:22:59", "kind": "INFO", "message": "Will write TRAP file /Users/macbook/Octo/static_analysis_codeql_1/codeql-kotlin.db/trap/java/classes/java/io/ObjectStreamConstants.members/ObjectStreamConstants.members#65.0-1789983753036-kotlin.trap.gz" }
{ "origin": "CodeQL Kotlin extractor", "timestamp": "2026-09-27 14:22:59", "kind": "INFO", "message": "Finished writing TRAP file /Users/macbook/Octo/static_analysis_codeql_1/codeql-kotlin.db/trap/java/classes/java/io/ObjectStreamConstants.members/ObjectStreamConstants.members#65.0-1789983753036-kotlin.trap.gz" }
{ "origin": "CodeQL Kotlin extractor", "timestamp": "2026-09-27 14:22:59", "kind": "INFO", "message": "Skipping extracting external decl StringBuilder" }
{ "origin": "CodeQL Kotlin extractor", "timestamp": "2026-09-27 14:22:59", "kind": "INFO", "message": "Skipping extracting external decl EnumEntries" }
{ "origin": "CodeQL Kotlin extractor", "timestamp": "2026-09-27 14:22:59", "kind": "INFO", "message": "Skipping extracting external decl Enum" }
{ "origin": "CodeQL Kotlin extractor", "timestamp": "2026-09-27 14:22:59", "kind": "INFO", "message": "Skipping extracting external decl Enum" }
{ "origin": "CodeQL Kotlin extractor", "timestamp": "2026-09-27 14:22:59", "kind": "INFO", "message": "Skipping extracting external decl Optional" }
{ "origin": "CodeQL Kotlin extractor", "timestamp": "2026-09-27 14:22:59", "kind": "INFO", "message": "Skipping extracting external decl EnumDesc" }
{ "origin": "CodeQL Kotlin extractor", "timestamp": "2026-09-27 14:22:59", "kind": "INFO", "message": "Skipping extracting external decl DynamicConstantDesc" }
{ "origin": "CodeQL Kotlin extractor", "timestamp": "2026-09-27 14:22:59", "kind": "INFO", "message": "Skipping extracting external decl ConstantDesc" }
{ "origin": "CodeQL Kotlin extractor", "timestamp": "2026-09-27 14:22:59", "kind": "INFO", "message": "Skipping extracting external decl Annotation" }
{ "origin": "CodeQL Kotlin extractor", "timestamp": "2026-09-27 14:22:59", "kind": "INFO", "message": "Skipping extracting external decl Annotation" }
{ "origin": "CodeQL Kotlin extractor", "timestamp": "2026-09-27 14:22:59", "kind": "INFO", "message": "Skipping extracting external decl ElementType" }
{ "origin": "CodeQL Kotlin extractor", "timestamp": "2026-09-27 14:22:59", "kind": "INFO", "message": "Skipping extracting external decl Target" }
{ "origin": "CodeQL Kotlin extractor", "timestamp": "2026-09-27 14:22:59", "kind": "INFO", "message": "Skipping extracting external decl RetentionPolicy" }
{ "origin": "CodeQL Kotlin extractor", "timestamp": "2026-09-27 14:22:59", "kind": "INFO", "message": "Skipping extracting external decl Retention" }
{ "origin": "CodeQL Kotlin extractor", "timestamp": "2026-09-27 14:22:59", "kind": "INFO", "message": "Skipping extracting external decl Retention" }
{ "origin": "CodeQL Kotlin extractor", "timestamp": "2026-09-27 14:22:59", "kind": "INFO", "message": "Skipping extracting external decl AnnotationRetention" }
{ "origin": "CodeQL Kotlin extractor", "timestamp": "2026-09-27 14:22:59", "kind": "INFO", "message": "Skipping extracting external decl Target" }
{ "origin": "CodeQL Kotlin extractor", "timestamp": "2026-09-27 14:22:59", "kind": "INFO", "message": "Skipping extracting external decl AnnotationTarget" }
{ "origin": "CodeQL Kotlin extractor", "timestamp": "2026-09-27 14:22:59", "kind": "INFO", "message": "Will write TRAP file /Users/macbook/Octo/static_analysis_codeql_1/codeql-kotlin.db/trap/java/classes/kotlin/reflect/KDeclarationContainer.members/KDeclarationContainer.members#52.0-318186000000-kotlin.trap.gz" }
{ "origin": "CodeQL Kotlin extractor", "timestamp": "2026-09-27 14:22:59", "kind": "INFO", "message": "Finished writing TRAP file /Users/macbook/Octo/static_analysis_codeql_1/codeql-kotlin.db/trap/java/classes/kotlin/reflect/KDeclarationContainer.members/KDeclarationContainer.members#52.0-318186000000-kotlin.trap.gz" }
{ "origin": "CodeQL Kotlin extractor", "timestamp": "2026-09-27 14:22:59", "kind": "INFO", "message": "Skipping extracting external decl AbstractSet" }
{ "origin": "CodeQL Kotlin extractor", "timestamp": "2026-09-27 14:22:59", "kind": "INFO", "message": "Skipping extracting external decl AbstractCollection" }
{ "origin": "CodeQL Kotlin extractor", "timestamp": "2026-09-27 14:22:59", "kind": "INFO", "message": "Will write TRAP file /Users/macbook/Octo/static_analysis_codeql_1/codeql-kotlin.db/trap/java/classes/java/lang/UnsupportedOperationException.members/UnsupportedOperationException.members#65.0-1789983753036-kotlin.trap.gz" }
{ "origin": "CodeQL Kotlin extractor", "timestamp": "2026-09-27 14:22:59", "kind": "INFO", "message": "Finished writing TRAP file /Users/macbook/Octo/static_analysis_codeql_1/codeql-kotlin.db/trap/java/classes/java/lang/UnsupportedOperationException.members/UnsupportedOperationException.members#65.0-1789983753036-kotlin.trap.gz" }
{ "origin": "CodeQL Kotlin extractor", "timestamp": "2026-09-27 14:22:59", "kind": "INFO", "message": "Will write TRAP file /Users/macbook/Octo/static_analysis_codeql_1/codeql-kotlin.db/trap/java/classes/java/io/Closeable.members/Closeable.members#65.0-1789983753036-kotlin.trap.gz" }
{ "origin": "CodeQL Kotlin extractor", "timestamp": "2026-09-27 14:22:59", "kind": "INFO", "message": "Finished writing TRAP file /Users/macbook/Octo/static_analysis_codeql_1/codeql-kotlin.db/trap/java/classes/java/io/Closeable.members/Closeable.members#65.0-1789983753036-kotlin.trap.gz" }
{ "origin": "CodeQL Kotlin extractor", "timestamp": "2026-09-27 14:22:59", "kind": "INFO", "message": "Will write TRAP file /Users/macbook/Octo/static_analysis_codeql_1/codeql-kotlin.db/trap/java/classes/java/io/Flushable.members/Flushable.members#65.0-1789983753036-kotlin.trap.gz" }
{ "origin": "CodeQL Kotlin extractor", "timestamp": "2026-09-27 14:22:59", "kind": "INFO", "message": "Finished writing TRAP file /Users/macbook/Octo/static_analysis_codeql_1/codeql-kotlin.db/trap/java/classes/java/io/Flushable.members/Flushable.members#65.0-1789983753036-kotlin.trap.gz" }
{ "origin": "CodeQL Kotlin extractor", "timestamp": "2026-09-27 14:22:59", "kind": "INFO", "message": "Will write TRAP file /Users/macbook/Octo/static_analysis_codeql_1/codeql-kotlin.db/trap/java/classes/java/io/ObjectStreamClass$RecordSupport.members/ObjectStreamClass$RecordSupport.members#65.0-1789983753036-kotlin.trap.gz" }
{ "origin": "CodeQL Kotlin extractor", "timestamp": "2026-09-27 14:22:59", "kind": "INFO", "message": "Finished writing TRAP file /Users/macbook/Octo/static_analysis_codeql_1/codeql-kotlin.db/trap/java/classes/java/io/ObjectStreamClass$RecordSupport.members/ObjectStreamClass$RecordSupport.members#65.0-1789983753036-kotlin.trap.gz" }
{ "origin": "CodeQL Kotlin extractor", "timestamp": "2026-09-27 14:22:59", "kind": "INFO", "message": "Will write TRAP file /Users/macbook/Octo/static_analysis_codeql_1/codeql-kotlin.db/trap/java/classes/java/io/ObjectStreamClass$ClassDataSlot.members/ObjectStreamClass$ClassDataSlot.members#65.0-1789983753036-kotlin.trap.gz" }
{ "origin": "CodeQL Kotlin extractor", "timestamp": "2026-09-27 14:22:59", "kind": "INFO", "message": "Finished writing TRAP file /Users/macbook/Octo/static_analysis_codeql_1/codeql-kotlin.db/trap/java/classes/java/io/ObjectStreamClass$ClassDataSlot.members/ObjectStreamClass$ClassDataSlot.members#65.0-1789983753036-kotlin.trap.gz" }
{ "origin": "CodeQL Kotlin extractor", "timestamp": "2026-09-27 14:22:59", "kind": "INFO", "message": "Skipping extracting external decl CallerSensitive" }
{ "origin": "CodeQL Kotlin extractor", "timestamp": "2026-09-27 14:22:59", "kind": "INFO", "message": "Will write TRAP file /Users/macbook/Octo/static_analysis_codeql_1/codeql-kotlin.db/trap/java/classes/java/io/ObjectStreamField.members/ObjectStreamField.members#65.0-1789983753036-kotlin.trap.gz" }
{ "origin": "CodeQL Kotlin extractor", "timestamp": "2026-09-27 14:22:59", "kind": "INFO", "message": "Finished writing TRAP file /Users/macbook/Octo/static_analysis_codeql_1/codeql-kotlin.db/trap/java/classes/java/io/ObjectStreamField.members/ObjectStreamField.members#65.0-1789983753036-kotlin.trap.gz" }
{ "origin": "CodeQL Kotlin extractor", "timestamp": "2026-09-27 14:22:59", "kind": "INFO", "message": "Will write TRAP file /Users/macbook/Octo/static_analysis_codeql_1/codeql-kotlin.db/trap/java/classes/java/lang/ClassNotFoundException.members/ClassNotFoundException.members#65.0-1789983753036-kotlin.trap.gz" }
{ "origin": "CodeQL Kotlin extractor", "timestamp": "2026-09-27 14:22:59", "kind": "INFO", "message": "Finished writing TRAP file /Users/macbook/Octo/static_analysis_codeql_1/codeql-kotlin.db/trap/java/classes/java/lang/ClassNotFoundException.members/ClassNotFoundException.members#65.0-1789983753036-kotlin.trap.gz" }
{ "origin": "CodeQL Kotlin extractor", "timestamp": "2026-09-27 14:22:59", "kind": "INFO", "message": "Will write TRAP file /Users/macbook/Octo/static_analysis_codeql_1/codeql-kotlin.db/trap/java/classes/java/io/ObjectInputStream.members/ObjectInputStream.members#65.0-1789983753036-kotlin.trap.gz" }
{ "origin": "CodeQL Kotlin extractor", "timestamp": "2026-09-27 14:22:59", "kind": "INFO", "message": "Finished writing TRAP file /Users/macbook/Octo/static_analysis_codeql_1/codeql-kotlin.db/trap/java/classes/java/io/ObjectInputStream.members/ObjectInputStream.members#65.0-1789983753036-kotlin.trap.gz" }
{ "origin": "CodeQL Kotlin extractor", "timestamp": "2026-09-27 14:22:59", "kind": "INFO", "message": "Skipping extracting external decl MethodHandle" }
{ "origin": "CodeQL Kotlin extractor", "timestamp": "2026-09-27 14:22:59", "kind": "INFO", "message": "Will write TRAP file /Users/macbook/Octo/static_analysis_codeql_1/codeql-kotlin.db/trap/java/classes/java/io/SerializablePermission.members/SerializablePermission.members#65.0-1789983753036-kotlin.trap.gz" }
{ "origin": "CodeQL Kotlin extractor", "timestamp": "2026-09-27 14:22:59", "kind": "INFO", "message": "Finished writing TRAP file /Users/macbook/Octo/static_analysis_codeql_1/codeql-kotlin.db/trap/java/classes/java/io/SerializablePermission.members/SerializablePermission.members#65.0-1789983753036-kotlin.trap.gz" }
{ "origin": "CodeQL Kotlin extractor", "timestamp": "2026-09-27 14:22:59", "kind": "INFO", "message": "Skipping extracting external decl Throwable" }
{ "origin": "CodeQL Kotlin extractor", "timestamp": "2026-09-27 14:22:59", "kind": "INFO", "message": "Skipping extracting external decl Throwable" }
{ "origin": "CodeQL Kotlin extractor", "timestamp": "2026-09-27 14:22:59", "kind": "INFO", "message": "Skipping extracting external decl RuntimeException" }
{ "origin": "CodeQL Kotlin extractor", "timestamp": "2026-09-27 14:22:59", "kind": "INFO", "message": "Skipping extracting external decl Field" }
{ "origin": "CodeQL Kotlin extractor", "timestamp": "2026-09-27 14:22:59", "kind": "INFO", "message": "Will write TRAP file /Users/macbook/Octo/static_analysis_codeql_1/codeql-kotlin.db/trap/java/classes/java/lang/ReflectiveOperationException.members/ReflectiveOperationException.members#65.0-1789983753036-kotlin.trap.gz" }
{ "origin": "CodeQL Kotlin extractor", "timestamp": "2026-09-27 14:22:59", "kind": "INFO", "message": "Finished writing TRAP file /Users/macbook/Octo/static_analysis_codeql_1/codeql-kotlin.db/trap/java/classes/java/lang/ReflectiveOperationException.members/ReflectiveOperationException.members#65.0-1789983753036-kotlin.trap.gz" }
{ "origin": "CodeQL Kotlin extractor", "timestamp": "2026-09-27 14:22:59", "kind": "INFO", "message": "Skipping extracting external decl InputStream" }
{ "origin": "CodeQL Kotlin extractor", "timestamp": "2026-09-27 14:22:59", "kind": "INFO", "message": "Will write TRAP file /Users/macbook/Octo/static_analysis_codeql_1/codeql-kotlin.db/trap/java/classes/java/io/ObjectInputStream$FilterValues.members/ObjectInputStream$FilterValues.members#65.0-1789983753036-kotlin.trap.gz" }
{ "origin": "CodeQL Kotlin extractor", "timestamp": "2026-09-27 14:22:59", "kind": "INFO", "message": "Finished writing TRAP file /Users/macbook/Octo/static_analysis_codeql_1/codeql-kotlin.db/trap/java/classes/java/io/ObjectInputStream$FilterValues.members/ObjectInputStream$FilterValues.members#65.0-1789983753036-kotlin.trap.gz" }
{ "origin": "CodeQL Kotlin extractor", "timestamp": "2026-09-27 14:22:59", "kind": "INFO", "message": "Will write TRAP file /Users/macbook/Octo/static_analysis_codeql_1/codeql-kotlin.db/trap/java/classes/java/io/ObjectInputStream$GetField.members/ObjectInputStream$GetField.members#65.0-1789983753036-kotlin.trap.gz" }
{ "origin": "CodeQL Kotlin extractor", "timestamp": "2026-09-27 14:22:59", "kind": "INFO", "message": "Finished writing TRAP file /Users/macbook/Octo/static_analysis_codeql_1/codeql-kotlin.db/trap/java/classes/java/io/ObjectInputStream$GetField.members/ObjectInputStream$GetField.members#65.0-1789983753036-kotlin.trap.gz" }
{ "origin": "CodeQL Kotlin extractor", "timestamp": "2026-09-27 14:22:59", "kind": "INFO", "message": "Will write TRAP file /Users/macbook/Octo/static_analysis_codeql_1/codeql-kotlin.db/trap/java/classes/java/io/ObjectInputValidation.members/ObjectInputValidation.members#65.0-1789983753036-kotlin.trap.gz" }
{ "origin": "CodeQL Kotlin extractor", "timestamp": "2026-09-27 14:22:59", "kind": "INFO", "message": "Finished writing TRAP file /Users/macbook/Octo/static_analysis_codeql_1/codeql-kotlin.db/trap/java/classes/java/io/ObjectInputValidation.members/ObjectInputValidation.members#65.0-1789983753036-kotlin.trap.gz" }
{ "origin": "CodeQL Kotlin extractor", "timestamp": "2026-09-27 14:22:59", "kind": "INFO", "message": "Will write TRAP file /Users/macbook/Octo/static_analysis_codeql_1/codeql-kotlin.db/trap/java/classes/java/io/ObjectInputFilter.members/ObjectInputFilter.members#65.0-1789983753036-kotlin.trap.gz" }
{ "origin": "CodeQL Kotlin extractor", "timestamp": "2026-09-27 14:22:59", "kind": "INFO", "message": "Finished writing TRAP file /Users/macbook/Octo/static_analysis_codeql_1/codeql-kotlin.db/trap/java/classes/java/io/ObjectInputFilter.members/ObjectInputFilter.members#65.0-1789983753036-kotlin.trap.gz" }
{ "origin": "CodeQL Kotlin extractor", "timestamp": "2026-09-27 14:22:59", "kind": "INFO", "message": "Skipping extracting external decl ObjectInput" }
{ "origin": "CodeQL Kotlin extractor", "timestamp": "2026-09-27 14:22:59", "kind": "INFO", "message": "Will write TRAP file /Users/macbook/Octo/static_analysis_codeql_1/codeql-kotlin.db/trap/java/classes/java/security/BasicPermission.members/BasicPermission.members#65.0-1789983753036-kotlin.trap.gz" }
{ "origin": "CodeQL Kotlin extractor", "timestamp": "2026-09-27 14:22:59", "kind": "INFO", "message": "Finished writing TRAP file /Users/macbook/Octo/static_analysis_codeql_1/codeql-kotlin.db/trap/java/classes/java/security/BasicPermission.members/BasicPermission.members#65.0-1789983753036-kotlin.trap.gz" }
{ "origin": "CodeQL Kotlin extractor", "timestamp": "2026-09-27 14:22:59", "kind": "INFO", "message": "Will write TRAP file /Users/macbook/Octo/static_analysis_codeql_1/codeql-kotlin.db/trap/java/classes/java/lang/Exception.members/Exception.members#65.0-1789983753036-kotlin.trap.gz" }
{ "origin": "CodeQL Kotlin extractor", "timestamp": "2026-09-27 14:22:59", "kind": "INFO", "message": "Finished writing TRAP file /Users/macbook/Octo/static_analysis_codeql_1/codeql-kotlin.db/trap/java/classes/java/lang/Exception.members/Exception.members#65.0-1789983753036-kotlin.trap.gz" }
{ "origin": "CodeQL Kotlin extractor", "timestamp": "2026-09-27 14:22:59", "kind": "INFO", "message": "Will write TRAP file /Users/macbook/Octo/static_analysis_codeql_1/codeql-kotlin.db/trap/java/classes/java/io/ObjectInputFilter$FilterInfo.members/ObjectInputFilter$FilterInfo.members#65.0-1789983753036-kotlin.trap.gz" }
{ "origin": "CodeQL Kotlin extractor", "timestamp": "2026-09-27 14:22:59", "kind": "INFO", "message": "Finished writing TRAP file /Users/macbook/Octo/static_analysis_codeql_1/codeql-kotlin.db/trap/java/classes/java/io/ObjectInputFilter$FilterInfo.members/ObjectInputFilter$FilterInfo.members#65.0-1789983753036-kotlin.trap.gz" }
{ "origin": "CodeQL Kotlin extractor", "timestamp": "2026-09-27 14:23:00", "kind": "INFO", "message": "Will write TRAP file /Users/macbook/Octo/static_analysis_codeql_1/codeql-kotlin.db/trap/java/classes/java/io/ObjectInputFilter$Status.members/ObjectInputFilter$Status.members#65.0-1789983753036-kotlin.trap.gz" }
{ "origin": "CodeQL Kotlin extractor", "timestamp": "2026-09-27 14:23:00", "kind": "INFO", "message": "Finished writing TRAP file /Users/macbook/Octo/static_analysis_codeql_1/codeql-kotlin.db/trap/java/classes/java/io/ObjectInputFilter$Status.members/ObjectInputFilter$Status.members#65.0-1789983753036-kotlin.trap.gz" }
{ "origin": "CodeQL Kotlin extractor", "timestamp": "2026-09-27 14:23:00", "kind": "INFO", "message": "Will write TRAP file /Users/macbook/Octo/static_analysis_codeql_1/codeql-kotlin.db/trap/java/classes/java/io/ObjectInputFilter$Config.members/ObjectInputFilter$Config.members#65.0-1789983753036-kotlin.trap.gz" }
{ "origin": "CodeQL Kotlin extractor", "timestamp": "2026-09-27 14:23:00", "kind": "INFO", "message": "Finished writing TRAP file /Users/macbook/Octo/static_analysis_codeql_1/codeql-kotlin.db/trap/java/classes/java/io/ObjectInputFilter$Config.members/ObjectInputFilter$Config.members#65.0-1789983753036-kotlin.trap.gz" }
{ "origin": "CodeQL Kotlin extractor", "timestamp": "2026-09-27 14:23:00", "kind": "INFO", "message": "Will write TRAP file /Users/macbook/Octo/static_analysis_codeql_1/codeql-kotlin.db/trap/java/classes/java/security/Permission.members/Permission.members#65.0-1789983753036-kotlin.trap.gz" }
{ "origin": "CodeQL Kotlin extractor", "timestamp": "2026-09-27 14:23:00", "kind": "INFO", "message": "Finished writing TRAP file /Users/macbook/Octo/static_analysis_codeql_1/codeql-kotlin.db/trap/java/classes/java/security/Permission.members/Permission.members#65.0-1789983753036-kotlin.trap.gz" }
{ "origin": "CodeQL Kotlin extractor", "timestamp": "2026-09-27 14:23:00", "kind": "INFO", "message": "Will write TRAP file /Users/macbook/Octo/static_analysis_codeql_1/codeql-kotlin.db/trap/java/classes/java/security/PermissionCollection.members/PermissionCollection.members#65.0-1789983753036-kotlin.trap.gz" }
{ "origin": "CodeQL Kotlin extractor", "timestamp": "2026-09-27 14:23:00", "kind": "INFO", "message": "Finished writing TRAP file /Users/macbook/Octo/static_analysis_codeql_1/codeql-kotlin.db/trap/java/classes/java/security/PermissionCollection.members/PermissionCollection.members#65.0-1789983753036-kotlin.trap.gz" }
{ "origin": "CodeQL Kotlin extractor", "timestamp": "2026-09-27 14:23:00", "kind": "INFO", "message": "Will write TRAP file /Users/macbook/Octo/static_analysis_codeql_1/codeql-kotlin.db/trap/java/classes/java/io/ObjectInputFilter$Config$Global.members/ObjectInputFilter$Config$Global.members#65.0-1789983753036-kotlin.trap.gz" }
{ "origin": "CodeQL Kotlin extractor", "timestamp": "2026-09-27 14:23:00", "kind": "INFO", "message": "Finished writing TRAP file /Users/macbook/Octo/static_analysis_codeql_1/codeql-kotlin.db/trap/java/classes/java/io/ObjectInputFilter$Config$Global.members/ObjectInputFilter$Config$Global.members#65.0-1789983753036-kotlin.trap.gz" }
{ "origin": "CodeQL Kotlin extractor", "timestamp": "2026-09-27 14:23:00", "kind": "INFO", "message": "Skipping extracting external decl BinaryOperator" }
{ "origin": "CodeQL Kotlin extractor", "timestamp": "2026-09-27 14:23:00", "kind": "INFO", "message": "Will write TRAP file /Users/macbook/Octo/static_analysis_codeql_1/codeql-kotlin.db/trap/java/classes/java/security/Guard.members/Guard.members#65.0-1789983753036-kotlin.trap.gz" }
{ "origin": "CodeQL Kotlin extractor", "timestamp": "2026-09-27 14:23:00", "kind": "INFO", "message": "Finished writing TRAP file /Users/macbook/Octo/static_analysis_codeql_1/codeql-kotlin.db/trap/java/classes/java/security/Guard.members/Guard.members#65.0-1789983753036-kotlin.trap.gz" }
{ "origin": "CodeQL Kotlin extractor", "timestamp": "2026-09-27 14:23:00", "kind": "INFO", "message": "Will write TRAP file /Users/macbook/Octo/static_analysis_codeql_1/codeql-kotlin.db/trap/java/classes/java/util/Enumeration.members/Enumeration.members#65.0-1789983753036-kotlin.trap.gz" }
{ "origin": "CodeQL Kotlin extractor", "timestamp": "2026-09-27 14:23:00", "kind": "INFO", "message": "Finished writing TRAP file /Users/macbook/Octo/static_analysis_codeql_1/codeql-kotlin.db/trap/java/classes/java/util/Enumeration.members/Enumeration.members#65.0-1789983753036-kotlin.trap.gz" }
{ "origin": "CodeQL Kotlin extractor", "timestamp": "2026-09-27 14:23:00", "kind": "INFO", "message": "Finished writing TRAP file /Users/macbook/Octo/static_analysis_codeql_1/codeql-kotlin.db/trap/java/Users/macbook/Octo/modules/lookthrough/src/main/kotlin/com/octo/lookthrough/Exposure.kt.trap.gz" }
{ "origin": "CodeQL Kotlin extractor", "timestamp": "2026-09-27 14:23:00", "kind": "INFO", "message": "Peak memory: Usage after extractor" }
{ "origin": "CodeQL Kotlin extractor", "timestamp": "2026-09-27 14:23:00", "kind": "INFO", "message": "Peak memory: * Peak for non-heap bean CodeHeap 'non-nmethods' is 1710976" }
{ "origin": "CodeQL Kotlin extractor", "timestamp": "2026-09-27 14:23:00", "kind": "INFO", "message": "Peak memory: * Peak for non-heap bean Metaspace is 93010984" }
{ "origin": "CodeQL Kotlin extractor", "timestamp": "2026-09-27 14:23:00", "kind": "INFO", "message": "Peak memory: * Peak for non-heap bean CodeHeap 'profiled nmethods' is 32088768" }
{ "origin": "CodeQL Kotlin extractor", "timestamp": "2026-09-27 14:23:00", "kind": "INFO", "message": "Peak memory: * Peak for heap bean PS Old Gen is 212036880" }
{ "origin": "CodeQL Kotlin extractor", "timestamp": "2026-09-27 14:23:00", "kind": "INFO", "message": "Peak memory: * Peak for non-heap bean Compressed Class Space is 10608440" }
{ "origin": "CodeQL Kotlin extractor", "timestamp": "2026-09-27 14:23:00", "kind": "INFO", "message": "Peak memory: * Peak for heap bean PS Survivor Space is 50839544" }
{ "origin": "CodeQL Kotlin extractor", "timestamp": "2026-09-27 14:23:00", "kind": "INFO", "message": "Peak memory: * Peak for heap bean PS Eden Space is 591396864" }
{ "origin": "CodeQL Kotlin extractor", "timestamp": "2026-09-27 14:23:00", "kind": "INFO", "message": "Peak memory: * Peak for non-heap bean CodeHeap 'non-profiled nmethods' is 5400832" }
{ "origin": "CodeQL Kotlin extractor", "timestamp": "2026-09-27 14:23:00", "kind": "INFO", "message": "Peak memory: * Total heap peak: 854273288" }
{ "origin": "CodeQL Kotlin extractor", "timestamp": "2026-09-27 14:23:00", "kind": "INFO", "message": "Peak memory: * Total non-heap peak: 142820000" }
{ "origin": "CodeQL Kotlin extractor", "timestamp": "2026-09-27 14:23:00", "kind": "INFO", "message": "Extraction completed" }
